src/services/openai.service.ts(226,1): error TS1434: Unexpected keyword or identifier.
src/services/openai.service.ts(226,6): error TS1434: Unexpected keyword or identifier.
src/services/openai.service.ts(226,11): error TS1228: A type predicate is only allowed in return type position for functions and methods.
src/services/openai.service.ts(226,14): error TS1434: Unexpected keyword or identifier.
src/services/openai.service.ts(226,17): error TS1434: Unexpected keyword or identifier.
src/services/openai.service.ts(226,25): error TS1434: Unexpected keyword or identifier.
src/services/openai.service.ts(226,27): error TS1434: Unexpected keyword or identifier.
src/services/openai.service.ts(226,58): error TS1005: ';' expected.
src/services/openai.service.ts(226,69): error TS1434: Unexpected keyword or identifier.
src/services/openai.service.ts(226,72): error TS1434: Unexpected keyword or identifier.
src/services/openai.service.ts(226,81): error TS1003: Identifier expected.
src/services/openai.service.ts(227,1): error TS1434: Unexpected keyword or identifier.
src/services/openai.service.ts(227,5): error TS1434: Unexpected keyword or identifier.
src/services/openai.service.ts(227,22): error TS1005: ';' expected.
src/services/openai.service.ts(227,28): error TS1434: Unexpected keyword or identifier.
src/services/openai.service.ts(227,33): error TS1434: Unexpected keyword or identifier.
src/services/openai.service.ts(227,42): error TS1434: Unexpected keyword or identifier.
src/services/openai.service.ts(227,46): error TS1434: Unexpected keyword or identifier.
src/services/openai.service.ts(227,65): error TS1005: ';' expected.
src/services/openai.service.ts(227,69): error TS1434: Unexpected keyword or identifier.
src/services/openai.service.ts(227,73): error TS1434: Unexpected keyword or identifier.
src/services/openai.service.ts(227,84): error TS1435: Unknown keyword or identifier. Did you mean 'out side'?
src/services/openai.service.ts(227,97): error TS1003: Identifier expected.
src/services/openai.service.ts(229,1): error TS1434: Unexpected keyword or identifier.
src/services/openai.service.ts(229,8): error TS1434: Unexpected keyword or identifier.
src/services/openai.service.ts(229,28): error TS1005: ',' expected.
src/services/openai.service.ts(229,33): error TS1005: ',' expected.
src/services/openai.service.ts(229,40): error TS1005: ',' expected.
src/services/openai.service.ts(229,45): error TS1005: ';' expected.
src/services/openai.service.ts(230,22): error TS1109: Expression expected.
src/services/openai.service.ts(230,24): error TS1434: Unexpected keyword or identifier.
src/services/openai.service.ts(230,27): error TS1434: Unexpected keyword or identifier.
src/services/openai.service.ts(230,31): error TS1434: Unexpected keyword or identifier.
src/services/openai.service.ts(230,36): error TS1434: Unexpected keyword or identifier.
src/services/openai.service.ts(230,58): error TS1005: ';' expected.
src/services/openai.service.ts(230,65): error TS1228: A type predicate is only allowed in return type position for functions and methods.
src/services/openai.service.ts(230,79): error TS1005: ';' expected.
src/services/openai.service.ts(230,83): error TS1434: Unexpected keyword or identifier.
src/services/openai.service.ts(230,91): error TS1434: Unexpected keyword or identifier.
src/services/openai.service.ts(230,112): error TS1005: ';' expected.
src/services/openai.service.ts(230,119): error TS1434: Unexpected keyword or identifier.
src/services/openai.service.ts(230,124): error TS1434: Unexpected keyword or identifier.
src/services/openai.service.ts(230,146): error TS1005: ';' expected.
src/services/openai.service.ts(230,154): error TS1434: Unexpected keyword or identifier.
src/services/openai.service.ts(230,167): error TS1005: ';' expected.
src/services/openai.service.ts(230,184): error TS1005: '{' expected.
src/services/openai.service.ts(230,189): error TS1005: ',' expected.
src/services/openai.service.ts(230,191): error TS1109: Expression expected.
src/services/openai.service.ts(230,193): error TS1005: ';' expected.
src/services/openai.service.ts(230,201): error TS1434: Unexpected keyword or identifier.
src/services/openai.service.ts(230,210): error TS1109: Expression expected.
src/services/openai.service.ts(231,1): error TS1003: Identifier expected.
src/services/openai.service.ts(231,24): error TS1005: ';' expected.
src/services/openai.service.ts(232,9): error TS1005: ';' expected.
src/services/openai.service.ts(232,22): error TS1434: Unexpected keyword or identifier.
src/services/openai.service.ts(232,33): error TS1005: '(' expected.
src/services/openai.service.ts(232,44): error TS1005: ')' expected.
src/services/openai.service.ts(232,52): error TS1005: ',' expected.
src/services/openai.service.ts(232,60): error TS1005: ',' expected.
src/services/openai.service.ts(232,89): error TS1005: ';' expected.
src/services/openai.service.ts(232,91): error TS1005: ';' expected.
src/services/openai.service.ts(232,99): error TS1005: '(' expected.
src/services/openai.service.ts(232,105): error TS1005: ';' expected.
src/services/openai.service.ts(232,114): error TS1005: ';' expected.
src/services/openai.service.ts(232,122): error TS1005: ')' expected.
src/services/openai.service.ts(233,4): error TS1003: Identifier expected.
src/services/openai.service.ts(233,9): error TS1005: ';' expected.
src/services/openai.service.ts(233,16): error TS1434: Unexpected keyword or identifier.
src/services/openai.service.ts(233,21): error TS1434: Unexpected keyword or identifier.
src/services/openai.service.ts(233,44): error TS1005: ';' expected.
src/services/openai.service.ts(233,61): error TS1005: ';' expected.
src/services/openai.service.ts(233,80): error TS1005: ';' expected.
src/services/openai.service.ts(233,98): error TS1005: ';' expected.
src/services/openai.service.ts(233,101): error TS1005: ';' expected.
src/services/openai.service.ts(233,104): error TS1005: '(' expected.
src/services/openai.service.ts(233,107): error TS1005: ')' expected.
src/services/openai.service.ts(234,1): error TS1003: Identifier expected.
src/services/openai.service.ts(234,28): error TS1005: ';' expected.
src/services/openai.service.ts(235,14): error TS1005: ';' expected.
src/services/openai.service.ts(235,42): error TS1005: ';' expected.
src/services/openai.service.ts(235,54): error TS1005: ')' expected.
src/services/openai.service.ts(235,83): error TS1109: Expression expected.
src/services/openai.service.ts(235,84): error TS1109: Expression expected.
src/services/openai.service.ts(235,85): error TS1128: Declaration or statement expected.
src/services/openai.service.ts(235,87): error TS1434: Unexpected keyword or identifier.
src/services/openai.service.ts(235,95): error TS1005: ';' expected.
src/services/openai.service.ts(235,98): error TS1434: Unexpected keyword or identifier.
src/services/openai.service.ts(235,107): error TS1109: Expression expected.
src/services/openai.service.ts(235,122): error TS1005: ';' expected.
src/services/openai.service.ts(235,129): error TS1434: Unexpected keyword or identifier.
src/services/openai.service.ts(236,13): error TS1005: ';' expected.
src/services/openai.service.ts(236,22): error TS1434: Unexpected keyword or identifier.
src/services/openai.service.ts(236,56): error TS1005: ';' expected.
src/services/openai.service.ts(237,4): error TS1003: Identifier expected.
src/services/openai.service.ts(237,15): error TS1005: ';' expected.
src/services/openai.service.ts(237,45): error TS1005: ';' expected.
src/services/openai.service.ts(237,49): error TS1434: Unexpected keyword or identifier.
src/services/openai.service.ts(237,56): error TS1435: Unknown keyword or identifier. Did you mean 'string'?
src/services/openai.service.ts(238,1): error TS1003: Identifier expected.
src/services/openai.service.ts(238,20): error TS1109: Expression expected.
src/services/openai.service.ts(238,69): error TS1005: ';' expected.
src/services/openai.service.ts(238,74): error TS1005: ';' expected.
src/services/openai.service.ts(238,88): error TS1003: Identifier expected.
src/services/openai.service.ts(240,1): error TS1434: Unexpected keyword or identifier.
src/services/openai.service.ts(240,6): error TS1434: Unexpected keyword or identifier.
src/services/openai.service.ts(240,14): error TS1434: Unexpected keyword or identifier.
src/services/openai.service.ts(240,18): error TS1434: Unexpected keyword or identifier.
src/services/openai.service.ts(240,28): error TS1434: Unexpected keyword or identifier.
src/services/openai.service.ts(240,33): error TS1434: Unexpected keyword or identifier.
src/services/openai.service.ts(240,43): error TS1434: Unexpected keyword or identifier.
src/services/openai.service.ts(240,46): error TS1435: Unknown keyword or identifier. Did you mean 'let'?
src/services/openai.service.ts(240,52): error TS1434: Unexpected keyword or identifier.
src/services/openai.service.ts(240,56): error TS1434: Unexpected keyword or identifier.
src/services/openai.service.ts(240,65): error TS1434: Unexpected keyword or identifier.
src/services/openai.service.ts(240,89): error TS1005: ';' expected.
src/services/openai.service.ts(240,94): error TS1434: Unexpected keyword or identifier.
src/services/openai.service.ts(240,98): error TS1434: Unexpected keyword or identifier.
src/services/openai.service.ts(240,103): error TS1434: Unexpected keyword or identifier.
src/services/openai.service.ts(240,106): error TS1434: Unexpected keyword or identifier.
src/services/openai.service.ts(240,117): error TS1005: ';' expected.
src/services/openai.service.ts(240,117): error TS1434: Unexpected keyword or identifier.
src/services/openai.service.ts(240,143): error TS1002: Unterminated string literal.
src/services/openai.service.ts(241,3): error TS1005: ',' expected.
src/services/openai.service.ts(241,11): error TS1005: ',' expected.
src/services/openai.service.ts(241,34): error TS1005: ';' expected.
src/services/openai.service.ts(241,36): error TS1434: Unexpected keyword or identifier.
src/services/openai.service.ts(241,40): error TS1434: Unexpected keyword or identifier.
src/services/openai.service.ts(241,52): error TS1228: A type predicate is only allowed in return type position for functions and methods.
src/services/openai.service.ts(241,72): error TS1005: ';' expected.
src/services/openai.service.ts(241,74): error TS1005: ';' expected.
src/services/openai.service.ts(241,85): error TS1005: '(' expected.
src/services/openai.service.ts(241,91): error TS1005: ';' expected.
src/services/openai.service.ts(241,99): error TS1005: ';' expected.
src/services/openai.service.ts(241,109): error TS1005: ')' expected.
src/services/openai.service.ts(241,112): error TS1434: Unexpected keyword or identifier.
src/services/openai.service.ts(241,115): error TS1228: A type predicate is only allowed in return type position for functions and methods.
src/services/openai.service.ts(241,133): error TS1005: ';' expected.
src/services/openai.service.ts(241,136): error TS1434: Unexpected keyword or identifier.
src/services/openai.service.ts(241,145): error TS1434: Unexpected keyword or identifier.
src/services/openai.service.ts(241,148): error TS1434: Unexpected keyword or identifier.
src/services/openai.service.ts(241,152): error TS1434: Unexpected keyword or identifier.
src/services/openai.service.ts(241,161): error TS1434: Unexpected keyword or identifier.
src/services/openai.service.ts(241,164): error TS1434: Unexpected keyword or identifier.
src/services/openai.service.ts(241,173): error TS1434: Unexpected keyword or identifier.
src/services/openai.service.ts(242,1): error TS1003: Identifier expected.
src/services/openai.service.ts(242,4): error TS1005: ';' expected.
src/services/openai.service.ts(242,26): error TS1005: ';' expected.
src/services/openai.service.ts(242,28): error TS1434: Unexpected keyword or identifier.
src/services/openai.service.ts(242,34): error TS1434: Unexpected keyword or identifier.
src/services/openai.service.ts(242,38): error TS1434: Unexpected keyword or identifier.
src/services/openai.service.ts(242,45): error TS1434: Unexpected keyword or identifier.
src/services/openai.service.ts(242,48): error TS1434: Unexpected keyword or identifier.
src/services/openai.service.ts(242,64): error TS1005: ';' expected.
src/services/openai.service.ts(242,72): error TS1434: Unexpected keyword or identifier.
src/services/openai.service.ts(242,80): error TS1434: Unexpected keyword or identifier.
src/services/openai.service.ts(242,110): error TS1109: Expression expected.
src/services/openai.service.ts(242,111): error TS1109: Expression expected.
src/services/openai.service.ts(242,121): error TS1005: ',' expected.
src/services/openai.service.ts(242,133): error TS1005: ';' expected.
src/services/openai.service.ts(242,146): error TS1434: Unexpected keyword or identifier.
src/services/openai.service.ts(242,151): error TS1434: Unexpected keyword or identifier.
src/services/openai.service.ts(242,155): error TS1434: Unexpected keyword or identifier.
src/services/openai.service.ts(242,166): error TS1005: ';' expected.
src/services/openai.service.ts(242,173): error TS1434: Unexpected keyword or identifier.
src/services/openai.service.ts(242,184): error TS1005: '(' expected.
src/services/openai.service.ts(242,189): error TS1005: ';' expected.
src/services/openai.service.ts(242,195): error TS1005: ';' expected.
src/services/openai.service.ts(242,200): error TS1005: ')' expected.
src/services/openai.service.ts(243,1): error TS1003: Identifier expected.
src/services/openai.service.ts(243,4): error TS1005: ';' expected.
src/services/openai.service.ts(243,26): error TS1005: ';' expected.
src/services/openai.service.ts(243,28): error TS1434: Unexpected keyword or identifier.
src/services/openai.service.ts(243,33): error TS1434: Unexpected keyword or identifier.
src/services/openai.service.ts(243,87): error TS1003: Identifier expected.
src/services/openai.service.ts(246,1): error TS1127: Invalid character.
src/services/openai.service.ts(246,2): error TS1127: Invalid character.
src/services/openai.service.ts(246,4): error TS1005: ';' expected.
src/services/openai.service.ts(247,1): error TS1434: Unexpected keyword or identifier.
src/services/openai.service.ts(249,1): error TS1434: Unexpected keyword or identifier.
src/services/openai.service.ts(251,1): error TS1127: Invalid character.
src/services/openai.service.ts(251,2): error TS1127: Invalid character.
src/services/openai.service.ts(251,4): error TS1005: ';' expected.
src/services/openai.service.ts(251,18): error TS1005: ';' expected.
src/services/openai.service.ts(252,8): error TS1005: ';' expected.
src/services/openai.service.ts(252,16): error TS1434: Unexpected keyword or identifier.
src/services/openai.service.ts(253,8): error TS1005: ';' expected.
src/services/openai.service.ts(253,16): error TS1434: Unexpected keyword or identifier.
src/services/openai.service.ts(254,14): error TS1005: ';' expected.
src/services/openai.service.ts(254,21): error TS1434: Unexpected keyword or identifier.
src/services/openai.service.ts(255,14): error TS1005: ';' expected.
src/services/openai.service.ts(255,25): error TS1005: ';' expected.
src/services/openai.service.ts(255,27): error TS1434: Unexpected keyword or identifier.
src/services/openai.service.ts(256,11): error TS1005: ';' expected.
src/services/openai.service.ts(256,19): error TS1434: Unexpected keyword or identifier.
src/services/openai.service.ts(257,11): error TS1005: ';' expected.
src/services/openai.service.ts(257,19): error TS1434: Unexpected keyword or identifier.
src/services/openai.service.ts(258,18): error TS1005: ';' expected.
src/services/openai.service.ts(258,27): error TS1434: Unexpected keyword or identifier.
src/services/openai.service.ts(258,57): error TS1109: Expression expected.
src/services/openai.service.ts(259,9): error TS1005: ';' expected.
src/services/openai.service.ts(259,30): error TS1434: Unexpected keyword or identifier.
src/services/openai.service.ts(261,1): error TS1127: Invalid character.
src/services/openai.service.ts(261,2): error TS1127: Invalid character.
src/services/openai.service.ts(261,4): error TS1005: ';' expected.
src/services/openai.service.ts(262,1): error TS1434: Unexpected keyword or identifier.
src/services/openai.service.ts(262,14): error TS1005: ';' expected.
src/services/openai.service.ts(262,31): error TS1005: ',' expected.
src/services/openai.service.ts(262,35): error TS1005: ',' expected.
src/services/openai.service.ts(262,40): error TS1005: ',' expected.
src/services/openai.service.ts(262,45): error TS1005: ',' expected.
src/services/openai.service.ts(262,54): error TS1005: ',' expected.
src/services/openai.service.ts(264,16): error TS1139: Type parameter declaration expected.
src/services/openai.service.ts(264,17): error TS1005: ';' expected.
src/services/openai.service.ts(264,30): error TS1005: ';' expected.
src/services/openai.service.ts(264,34): error TS1434: Unexpected keyword or identifier.
src/services/openai.service.ts(264,42): error TS1435: Unknown keyword or identifier. Did you mean 'catch'?
src/services/openai.service.ts(264,54): error TS1109: Expression expected.
src/services/openai.service.ts(265,17): error TS1005: ';' expected.
src/services/openai.service.ts(265,21): error TS1005: '>' expected.
src/services/openai.service.ts(265,34): error TS1005: ';' expected.
src/services/openai.service.ts(265,49): error TS1005: ';' expected.
src/services/openai.service.ts(265,71): error TS1005: ';' expected.
src/services/openai.service.ts(265,77): error TS1005: ';' expected.
src/services/openai.service.ts(265,80): error TS1005: '(' expected.
src/services/openai.service.ts(265,93): error TS1109: Expression expected.
src/services/openai.service.ts(266,17): error TS1005: ')' expected.
src/services/openai.service.ts(266,21): error TS1005: '>' expected.
src/services/openai.service.ts(266,75): error TS1109: Expression expected.
src/services/openai.service.ts(267,14): error TS1005: ';' expected.
src/services/openai.service.ts(268,15): error TS1005: ';' expected.
src/services/openai.service.ts(269,17): error TS1005: ';' expected.
src/services/openai.service.ts(270,12): error TS1005: ';' expected.
src/services/openai.service.ts(271,23): error TS1005: ';' expected.
src/services/openai.service.ts(272,52): error TS1005: '>' expected.
src/services/openai.service.ts(272,56): error TS1109: Expression expected.
src/services/openai.service.ts(274,1): error TS1128: Declaration or statement expected.
src/services/openai.service.ts(305,21): error TS1005: ';' expected.
src/services/openai.service.ts(305,25): error TS1434: Unexpected keyword or identifier.
src/services/openai.service.ts(305,29): error TS1434: Unexpected keyword or identifier.
src/services/openai.service.ts(305,31): error TS1434: Unexpected keyword or identifier.
src/services/openai.service.ts(305,38): error TS1434: Unexpected keyword or identifier.
src/services/openai.service.ts(305,48): error TS1434: Unexpected keyword or identifier.
src/services/openai.service.ts(305,60): error TS1434: Unexpected keyword or identifier.
src/services/openai.service.ts(305,63): error TS1434: Unexpected keyword or identifier.
src/services/openai.service.ts(305,74): error TS1005: ';' expected.
src/services/openai.service.ts(305,93): error TS1005: ';' expected.
src/services/openai.service.ts(305,98): error TS1228: A type predicate is only allowed in return type position for functions and methods.
src/services/openai.service.ts(305,101): error TS1434: Unexpected keyword or identifier.
src/services/openai.service.ts(305,104): error TS1434: Unexpected keyword or identifier.
src/services/openai.service.ts(305,116): error TS1005: ';' expected.
src/services/openai.service.ts(305,153): error TS1005: ';' expected.
src/services/openai.service.ts(305,163): error TS1434: Unexpected keyword or identifier.
src/services/openai.service.ts(305,177): error TS1005: '(' expected.
src/services/openai.service.ts(305,179): error TS1005: ';' expected.
src/services/openai.service.ts(305,180): error TS1005: ';' expected.
src/services/openai.service.ts(305,206): error TS1005: ')' expected.
src/services/openai.service.ts(305,216): error TS1003: Identifier expected.
src/services/openai.service.ts(307,1): error TS1434: Unexpected keyword or identifier.
src/services/openai.service.ts(307,17): error TS1435: Unknown keyword or identifier. Did you mean 'never'?
src/services/openai.service.ts(307,23): error TS1434: Unexpected keyword or identifier.
src/services/openai.service.ts(307,32): error TS1434: Unexpected keyword or identifier.
src/services/openai.service.ts(307,37): error TS1434: Unexpected keyword or identifier.
src/services/openai.service.ts(307,40): error TS1434: Unexpected keyword or identifier.
src/services/openai.service.ts(307,49): error TS1434: Unexpected keyword or identifier.
src/services/openai.service.ts(307,52): error TS1434: Unexpected keyword or identifier.
src/services/openai.service.ts(307,62): error TS1434: Unexpected keyword or identifier.
src/services/openai.service.ts(307,71): error TS1434: Unexpected keyword or identifier.
src/services/openai.service.ts(307,74): error TS1434: Unexpected keyword or identifier.
src/services/openai.service.ts(307,78): error TS1434: Unexpected keyword or identifier.
src/services/openai.service.ts(307,259): error TS1002: Unterminated string literal.
src/services/openai.service.ts(309,1): error TS1435: Unknown keyword or identifier. Did you mean 'for'?
src/services/openai.service.ts(309,5): error TS1434: Unexpected keyword or identifier.
src/services/openai.service.ts(309,10): error TS1434: Unexpected keyword or identifier.
src/services/openai.service.ts(309,19): error TS1434: Unexpected keyword or identifier.
src/services/openai.service.ts(310,13): error TS1005: ';' expected.
src/services/openai.service.ts(310,15): error TS1434: Unexpected keyword or identifier.
src/services/openai.service.ts(310,25): error TS1434: Unexpected keyword or identifier.
src/services/openai.service.ts(310,29): error TS1434: Unexpected keyword or identifier.
src/services/openai.service.ts(310,131): error TS1002: Unterminated string literal.
src/services/openai.service.ts(311,12): error TS1005: ';' expected.
src/services/openai.service.ts(311,14): error TS1434: Unexpected keyword or identifier.
src/services/openai.service.ts(311,20): error TS1434: Unexpected keyword or identifier.
src/services/openai.service.ts(311,24): error TS1434: Unexpected keyword or identifier.
src/services/openai.service.ts(311,60): error TS1005: ';' expected.
src/services/openai.service.ts(311,84): error TS1005: ';' expected.
src/services/openai.service.ts(311,95): error TS1005: ';' expected.
src/services/openai.service.ts(311,100): error TS1434: Unexpected keyword or identifier.
src/services/openai.service.ts(311,113): error TS1127: Invalid character.
src/services/openai.service.ts(311,115): error TS1434: Unexpected keyword or identifier.
src/services/openai.service.ts(311,119): error TS1435: Unknown keyword or identifier. Did you mean 'out'?
src/services/openai.service.ts(311,125): error TS1434: Unexpected keyword or identifier.
src/services/openai.service.ts(311,131): error TS1434: Unexpected keyword or identifier.
src/services/openai.service.ts(311,140): error TS1434: Unexpected keyword or identifier.
src/services/openai.service.ts(311,223): error TS1005: ';' expected.
src/services/openai.service.ts(311,226): error TS1434: Unexpected keyword or identifier.
src/services/openai.service.ts(312,1): error TS1003: Identifier expected.
src/services/openai.service.ts(312,14): error TS1005: ';' expected.
src/services/openai.service.ts(312,16): error TS1434: Unexpected keyword or identifier.
src/services/openai.service.ts(312,22): error TS1434: Unexpected keyword or identifier.
src/services/openai.service.ts(312,32): error TS1434: Unexpected keyword or identifier.
src/services/openai.service.ts(312,45): error TS1005: '(' expected.
src/services/openai.service.ts(312,51): error TS1005: ')' expected.
src/services/openai.service.ts(312,69): error TS1005: ',' expected.
src/services/openai.service.ts(312,77): error TS1005: ',' expected.
src/services/openai.service.ts(312,95): error TS1005: ',' expected.
src/services/openai.service.ts(312,102): error TS1005: ';' expected.
src/services/openai.service.ts(312,106): error TS1434: Unexpected keyword or identifier.
src/services/openai.service.ts(312,110): error TS1435: Unknown keyword or identifier. Did you mean 'type'?
src/services/openai.service.ts(312,116): error TS1434: Unexpected keyword or identifier.
src/services/openai.service.ts(312,138): error TS1005: ';' expected.
src/services/openai.service.ts(312,138): error TS1434: Unexpected keyword or identifier.
src/services/openai.service.ts(312,156): error TS1002: Unterminated string literal.
src/services/openai.service.ts(314,1): error TS1434: Unexpected keyword or identifier.
src/services/openai.service.ts(314,6): error TS1434: Unexpected keyword or identifier.
src/services/openai.service.ts(314,12): error TS1434: Unexpected keyword or identifier.
src/services/openai.service.ts(314,19): error TS1434: Unexpected keyword or identifier.
src/services/openai.service.ts(314,24): error TS1434: Unexpected keyword or identifier.
src/services/openai.service.ts(314,27): error TS1434: Unexpected keyword or identifier.
src/services/openai.service.ts(314,36): error TS1434: Unexpected keyword or identifier.
src/services/openai.service.ts(314,40): error TS1434: Unexpected keyword or identifier.
src/services/openai.service.ts(314,50): error TS1434: Unexpected keyword or identifier.
src/services/openai.service.ts(314,55): error TS1434: Unexpected keyword or identifier.
src/services/openai.service.ts(314,57): error TS1434: Unexpected keyword or identifier.
src/services/openai.service.ts(314,69): error TS1005: '(' expected.
src/services/openai.service.ts(314,74): error TS1005: ')' expected.
src/services/openai.service.ts(314,81): error TS1434: Unexpected keyword or identifier.
src/services/openai.service.ts(314,92): error TS1434: Unexpected keyword or identifier.
src/services/openai.service.ts(314,98): error TS1434: Unexpected keyword or identifier.
src/services/openai.service.ts(314,112): error TS1127: Invalid character.
src/services/openai.service.ts(314,114): error TS1434: Unexpected keyword or identifier.
src/services/openai.service.ts(314,118): error TS1434: Unexpected keyword or identifier.
src/services/openai.service.ts(314,120): error TS1434: Unexpected keyword or identifier.
src/services/openai.service.ts(314,128): error TS1434: Unexpected keyword or identifier.
src/services/openai.service.ts(314,152): error TS1005: ';' expected.
src/services/openai.service.ts(314,157): error TS1434: Unexpected keyword or identifier.
src/services/openai.service.ts(314,172): error TS1005: ';' expected.
src/services/openai.service.ts(314,181): error TS1003: Identifier expected.
src/services/openai.service.ts(317,1): error TS1127: Invalid character.
src/services/openai.service.ts(317,2): error TS1127: Invalid character.
src/services/openai.service.ts(317,4): error TS1005: ';' expected.
src/services/openai.service.ts(318,10): error TS1005: ';' expected.
src/services/openai.service.ts(318,16): error TS1434: Unexpected keyword or identifier.
src/services/openai.service.ts(319,13): error TS1005: ';' expected.
src/services/openai.service.ts(319,15): error TS1434: Unexpected keyword or identifier.
src/services/openai.service.ts(320,8): error TS1005: ';' expected.
src/services/openai.service.ts(320,15): error TS1434: Unexpected keyword or identifier.
src/services/openai.service.ts(321,8): error TS1005: ';' expected.
src/services/openai.service.ts(321,16): error TS1434: Unexpected keyword or identifier.
src/services/openai.service.ts(322,1): error TS1434: Unexpected keyword or identifier.
src/services/openai.service.ts(324,1): error TS1127: Invalid character.
src/services/openai.service.ts(324,2): error TS1127: Invalid character.
src/services/openai.service.ts(324,4): error TS1005: ';' expected.
src/services/openai.service.ts(324,9): error TS1434: Unexpected keyword or identifier.
src/services/openai.service.ts(324,26): error TS1005: ',' expected.
src/services/openai.service.ts(324,31): error TS1005: ',' expected.
src/services/openai.service.ts(324,34): error TS1005: ',' expected.
src/services/openai.service.ts(324,41): error TS1005: ',' expected.
src/services/openai.service.ts(324,47): error TS1005: ',' expected.
src/services/openai.service.ts(325,1): error TS1434: Unexpected keyword or identifier.
src/services/openai.service.ts(327,1): error TS1434: Unexpected keyword or identifier.
src/services/openai.service.ts(328,1): error TS1434: Unexpected keyword or identifier.
src/services/openai.service.ts(330,1): error TS1127: Invalid character.
src/services/openai.service.ts(330,2): error TS1127: Invalid character.
src/services/openai.service.ts(330,4): error TS1005: ';' expected.
src/services/openai.service.ts(331,1): error TS1434: Unexpected keyword or identifier.
src/services/openai.service.ts(331,10): error TS1434: Unexpected keyword or identifier.
src/services/openai.service.ts(331,21): error TS1005: ';' expected.
src/services/openai.service.ts(331,31): error TS1434: Unexpected keyword or identifier.
src/services/openai.service.ts(331,54): error TS1110: Type expected.
src/services/openai.service.ts(332,5): error TS1005: ';' expected.
src/services/openai.service.ts(332,38): error TS1005: ')' expected.
src/services/openai.service.ts(332,40): error TS1434: Unexpected keyword or identifier.
src/services/openai.service.ts(332,50): error TS1434: Unexpected keyword or identifier.
src/services/openai.service.ts(332,57): error TS1434: Unexpected keyword or identifier.
src/services/openai.service.ts(332,64): error TS1434: Unexpected keyword or identifier.
src/services/openai.service.ts(332,75): error TS1128: Declaration or statement expected.
src/services/openai.service.ts(333,5): error TS1005: ';' expected.
src/services/openai.service.ts(333,32): error TS1005: ',' expected.
src/services/openai.service.ts(333,39): error TS1005: ',' expected.
src/services/openai.service.ts(333,44): error TS1005: ',' expected.
src/services/openai.service.ts(333,50): error TS1005: ',' expected.
src/services/openai.service.ts(333,56): error TS1005: ')' expected.
src/services/openai.service.ts(333,58): error TS1434: Unexpected keyword or identifier.
src/services/openai.service.ts(333,66): error TS1434: Unexpected keyword or identifier.
src/services/openai.service.ts(333,69): error TS1435: Unknown keyword or identifier. Did you mean 'let'?
src/services/openai.service.ts(333,77): error TS1005: ';' expected.
src/services/openai.service.ts(333,91): error TS1005: ';' expected.
src/services/openai.service.ts(333,94): error TS1434: Unexpected keyword or identifier.
src/services/openai.service.ts(333,107): error TS1434: Unexpected keyword or identifier.
src/services/openai.service.ts(333,119): error TS1005: '(' expected.
src/services/openai.service.ts(333,136): error TS1005: ')' expected.
src/services/openai.service.ts(333,141): error TS1128: Declaration or statement expected.
src/services/openai.service.ts(334,5): error TS1005: ';' expected.
src/services/openai.service.ts(334,42): error TS1005: ')' expected.
src/services/openai.service.ts(334,44): error TS1434: Unexpected keyword or identifier.
src/services/openai.service.ts(334,55): error TS1434: Unexpected keyword or identifier.
src/services/openai.service.ts(334,58): error TS1434: Unexpected keyword or identifier.
src/services/openai.service.ts(334,85): error TS1434: Unexpected keyword or identifier.
src/services/openai.service.ts(334,91): error TS1434: Unexpected keyword or identifier.
src/services/openai.service.ts(334,101): error TS1128: Declaration or statement expected.
src/services/openai.service.ts(337,4): error TS1005: ';' expected.
src/services/openai.service.ts(337,10): error TS1434: Unexpected keyword or identifier.
src/services/openai.service.ts(337,14): error TS1435: Unknown keyword or identifier. Did you mean 'out'?
src/services/openai.service.ts(337,20): error TS1434: Unexpected keyword or identifier.
src/services/openai.service.ts(337,44): error TS1005: ';' expected.
src/services/openai.service.ts(337,44): error TS1434: Unexpected keyword or identifier.
src/services/openai.service.ts(337,131): error TS1002: Unterminated string literal.
src/services/openai.service.ts(338,4): error TS1005: ';' expected.
src/services/openai.service.ts(338,10): error TS1434: Unexpected keyword or identifier.
src/services/openai.service.ts(338,20): error TS1434: Unexpected keyword or identifier.
src/services/openai.service.ts(338,29): error TS1434: Unexpected keyword or identifier.
src/services/openai.service.ts(338,34): error TS1434: Unexpected keyword or identifier.
src/services/openai.service.ts(338,42): error TS1434: Unexpected keyword or identifier.
src/services/openai.service.ts(338,44): error TS1434: Unexpected keyword or identifier.
src/services/openai.service.ts(338,53): error TS1434: Unexpected keyword or identifier.
src/services/openai.service.ts(338,64): error TS1434: Unexpected keyword or identifier.
src/services/openai.service.ts(338,69): error TS1434: Unexpected keyword or identifier.
src/services/openai.service.ts(339,1): error TS1003: Identifier expected.
src/services/openai.service.ts(339,4): error TS1005: ';' expected.
src/services/openai.service.ts(339,10): error TS1434: Unexpected keyword or identifier.
src/services/openai.service.ts(339,18): error TS1434: Unexpected keyword or identifier.
src/services/openai.service.ts(339,23): error TS1434: Unexpected keyword or identifier.
src/services/openai.service.ts(339,47): error TS1005: ';' expected.
src/services/openai.service.ts(339,55): error TS1005: ';' expected.
src/services/openai.service.ts(339,55): error TS1434: Unexpected keyword or identifier.
src/services/openai.service.ts(339,133): error TS1002: Unterminated string literal.
src/services/openai.service.ts(340,4): error TS1005: ';' expected.
src/services/openai.service.ts(340,28): error TS1434: Unexpected keyword or identifier.
src/services/openai.service.ts(340,163): error TS1128: Declaration or statement expected.
src/services/openai.service.ts(342,1): error TS1435: Unknown keyword or identifier. Did you mean 'return'?
src/services/openai.service.ts(342,8): error TS1434: Unexpected keyword or identifier.
src/services/openai.service.ts(342,13): error TS1434: Unexpected keyword or identifier.
src/services/openai.service.ts(342,22): error TS1434: Unexpected keyword or identifier.
src/services/openai.service.ts(342,35): error TS1005: ';' expected.
src/services/openai.service.ts(344,16): error TS1005: ';' expected.
src/services/openai.service.ts(344,21): error TS1005: ',' expected.
src/services/openai.service.ts(345,14): error TS1005: ';' expected.
src/services/openai.service.ts(345,19): error TS1005: ',' expected.
src/services/openai.service.ts(346,16): error TS1005: ';' expected.
src/services/openai.service.ts(346,21): error TS1005: ',' expected.
src/services/openai.service.ts(348,1): error TS1434: Unexpected keyword or identifier.
src/services/openai.service.ts(348,20): error TS1005: ';' expected.
src/services/openai.service.ts(348,30): error TS1109: Expression expected.
src/services/openai.service.ts(348,42): error TS1005: ';' expected.
src/services/openai.service.ts(348,62): error TS1005: ';' expected.
src/services/openai.service.ts(348,114): error TS1005: ';' expected.
src/services/openai.service.ts(348,144): error TS1005: ';' expected.
src/services/openai.service.ts(348,187): error TS1005: ';' expected.
src/services/openai.service.ts(359,24): error TS1005: ';' expected.
src/services/openai.service.ts(359,29): error TS1434: Unexpected keyword or identifier.
src/services/openai.service.ts(359,32): error TS1434: Unexpected keyword or identifier.
src/services/openai.service.ts(359,40): error TS1434: Unexpected keyword or identifier.
src/services/openai.service.ts(359,44): error TS1434: Unexpected keyword or identifier.
src/services/openai.service.ts(359,48): error TS1434: Unexpected keyword or identifier.
src/services/openai.service.ts(359,54): error TS1434: Unexpected keyword or identifier.
src/services/openai.service.ts(359,63): error TS1434: Unexpected keyword or identifier.
src/services/openai.service.ts(359,65): error TS1434: Unexpected keyword or identifier.
src/services/openai.service.ts(359,73): error TS1434: Unexpected keyword or identifier.
src/services/openai.service.ts(359,93): error TS1005: ';' expected.
src/services/openai.service.ts(359,103): error TS1434: Unexpected keyword or identifier.
src/services/openai.service.ts(359,113): error TS1434: Unexpected keyword or identifier.
src/services/openai.service.ts(359,117): error TS1434: Unexpected keyword or identifier.
src/services/openai.service.ts(359,128): error TS1003: Identifier expected.
src/services/openai.service.ts(361,24): error TS1434: Unexpected keyword or identifier.
src/services/openai.service.ts(361,29): error TS1434: Unexpected keyword or identifier.
src/services/openai.service.ts(361,32): error TS1435: Unknown keyword or identifier. Did you mean 'out'?
src/services/openai.service.ts(361,38): error TS1434: Unexpected keyword or identifier.
src/services/openai.service.ts(361,40): error TS1434: Unexpected keyword or identifier.
src/services/openai.service.ts(361,45): error TS1434: Unexpected keyword or identifier.
src/services/openai.service.ts(361,49): error TS1434: Unexpected keyword or identifier.
src/services/openai.service.ts(361,58): error TS1434: Unexpected keyword or identifier.
src/services/openai.service.ts(361,60): error TS1434: Unexpected keyword or identifier.
src/services/openai.service.ts(361,90): error TS1005: ';' expected.
src/services/openai.service.ts(361,101): error TS1005: ';' expected.
src/services/openai.service.ts(361,105): error TS1434: Unexpected keyword or identifier.
src/services/openai.service.ts(362,24): error TS1005: ':' expected.
src/services/openai.service.ts(362,32): error TS1434: Unexpected keyword or identifier.
src/services/openai.service.ts(362,36): error TS1434: Unexpected keyword or identifier.
src/services/openai.service.ts(362,41): error TS1434: Unexpected keyword or identifier.
src/services/openai.service.ts(362,57): error TS1005: ';' expected.
src/services/openai.service.ts(362,68): error TS1128: Declaration or statement expected.
src/services/openai.service.ts(362,70): error TS1434: Unexpected keyword or identifier.
src/services/openai.service.ts(362,74): error TS1434: Unexpected keyword or identifier.
src/services/openai.service.ts(362,80): error TS1434: Unexpected keyword or identifier.
src/services/openai.service.ts(362,84): error TS1434: Unexpected keyword or identifier.
src/services/openai.service.ts(362,92): error TS1434: Unexpected keyword or identifier.
src/services/openai.service.ts(362,101): error TS1434: Unexpected keyword or identifier.
src/services/openai.service.ts(362,105): error TS1434: Unexpected keyword or identifier.
src/services/openai.service.ts(366,26): error TS1005: ':' expected.
src/services/openai.service.ts(366,28): error TS1435: Unknown keyword or identifier. Did you mean 'string'?
src/services/openai.service.ts(366,35): error TS1434: Unexpected keyword or identifier.
src/services/openai.service.ts(366,42): error TS1434: Unexpected keyword or identifier.
src/services/openai.service.ts(366,48): error TS1434: Unexpected keyword or identifier.
src/services/openai.service.ts(366,60): error TS1434: Unexpected keyword or identifier.
src/services/openai.service.ts(366,87): error TS1005: ';' expected.
src/services/openai.service.ts(366,108): error TS1005: ',' expected.
src/services/openai.service.ts(366,112): error TS1005: ',' expected.
src/services/openai.service.ts(366,117): error TS1005: ',' expected.
src/services/openai.service.ts(366,127): error TS1005: ',' expected.
src/services/openai.service.ts(366,131): error TS1005: '(' expected.
src/services/openai.service.ts(366,142): error TS1005: ';' expected.
src/services/openai.service.ts(366,152): error TS1005: ';' expected.
src/services/openai.service.ts(366,156): error TS1005: ')' expected.
src/services/openai.service.ts(366,169): error TS1005: ';' expected.
src/services/openai.service.ts(366,183): error TS1005: '(' expected.
src/services/openai.service.ts(366,193): error TS1005: ';' expected.
src/services/openai.service.ts(366,197): error TS1005: ';' expected.
src/services/openai.service.ts(366,198): error TS1109: Expression expected.
src/services/openai.service.ts(366,204): error TS1005: ';' expected.
src/services/openai.service.ts(366,211): error TS1434: Unexpected keyword or identifier.
src/services/openai.service.ts(366,221): error TS1434: Unexpected keyword or identifier.
src/services/openai.service.ts(366,224): error TS1434: Unexpected keyword or identifier.
src/services/openai.service.ts(366,229): error TS1434: Unexpected keyword or identifier.
src/services/openai.service.ts(366,267): error TS1005: ';' expected.
src/services/openai.service.ts(366,274): error TS1003: Identifier expected.
src/services/openai.service.ts(392,21): error TS1434: Unexpected keyword or identifier.
src/services/openai.service.ts(392,25): error TS1434: Unexpected keyword or identifier.
src/services/openai.service.ts(392,29): error TS1434: Unexpected keyword or identifier.
src/services/openai.service.ts(392,31): error TS1434: Unexpected keyword or identifier.
src/services/openai.service.ts(392,44): error TS1434: Unexpected keyword or identifier.
src/services/openai.service.ts(392,50): error TS1435: Unknown keyword or identifier. Did you mean 'let ter'?
src/services/openai.service.ts(392,72): error TS1005: ';' expected.
src/services/openai.service.ts(392,77): error TS1434: Unexpected keyword or identifier.
src/services/openai.service.ts(392,88): error TS1003: Identifier expected.
src/services/openai.service.ts(394,1): error TS1434: Unexpected keyword or identifier.
src/services/openai.service.ts(394,7): error TS1434: Unexpected keyword or identifier.
src/services/openai.service.ts(394,34): error TS1005: ';' expected.
src/services/openai.service.ts(394,47): error TS1003: Identifier expected.
src/services/openai.service.ts(395,1): error TS1434: Unexpected keyword or identifier.
src/services/openai.service.ts(396,9): error TS1005: ';' expected.
src/services/openai.service.ts(396,11): error TS1434: Unexpected keyword or identifier.
src/services/openai.service.ts(397,13): error TS1005: ';' expected.
src/services/openai.service.ts(397,15): error TS1434: Unexpected keyword or identifier.
src/services/openai.service.ts(398,10): error TS1005: ';' expected.
src/services/openai.service.ts(398,19): error TS1434: Unexpected keyword or identifier.
src/services/openai.service.ts(401,8): error TS1005: ';' expected.
src/services/openai.service.ts(401,10): error TS1434: Unexpected keyword or identifier.
src/services/openai.service.ts(402,10): error TS1005: ';' expected.
src/services/openai.service.ts(402,12): error TS1434: Unexpected keyword or identifier.
src/services/openai.service.ts(403,1): error TS1434: Unexpected keyword or identifier.
src/services/openai.service.ts(405,1): error TS1435: Unknown keyword or identifier. Did you mean 'return'?
src/services/openai.service.ts(406,16): error TS1005: ';' expected.
src/services/openai.service.ts(406,78): error TS1005: ';' expected.
src/services/openai.service.ts(406,89): error TS1109: Expression expected.
src/services/openai.service.ts(416,21): error TS1005: ';' expected.
src/services/openai.service.ts(416,25): error TS1434: Unexpected keyword or identifier.
src/services/openai.service.ts(416,29): error TS1434: Unexpected keyword or identifier.
src/services/openai.service.ts(416,31): error TS1434: Unexpected keyword or identifier.
src/services/openai.service.ts(416,44): error TS1434: Unexpected keyword or identifier.
src/services/openai.service.ts(416,50): error TS1435: Unknown keyword or identifier. Did you mean 'let ter'?
src/services/openai.service.ts(416,72): error TS1005: ';' expected.
src/services/openai.service.ts(416,77): error TS1434: Unexpected keyword or identifier.
src/services/openai.service.ts(416,88): error TS1003: Identifier expected.
src/services/openai.service.ts(418,1): error TS1434: Unexpected keyword or identifier.
src/services/openai.service.ts(418,7): error TS1434: Unexpected keyword or identifier.
src/services/openai.service.ts(418,34): error TS1005: ';' expected.
src/services/openai.service.ts(418,40): error TS1435: Unknown keyword or identifier. Did you mean 'let ter'?
src/services/openai.service.ts(418,51): error TS1005: '(' expected.
src/services/openai.service.ts(418,55): error TS1005: ';' expected.
src/services/openai.service.ts(418,65): error TS1005: ';' expected.
src/services/openai.service.ts(418,75): error TS1005: ')' expected.
src/services/openai.service.ts(418,83): error TS1003: Identifier expected.
src/services/openai.service.ts(419,1): error TS1434: Unexpected keyword or identifier.
src/services/openai.service.ts(420,8): error TS1005: ';' expected.
src/services/openai.service.ts(420,14): error TS1434: Unexpected keyword or identifier.
src/services/openai.service.ts(421,8): error TS1005: ';' expected.
src/services/openai.service.ts(421,10): error TS1434: Unexpected keyword or identifier.
src/services/openai.service.ts(422,8): error TS1005: ';' expected.
src/services/openai.service.ts(422,10): error TS1434: Unexpected keyword or identifier.
src/services/openai.service.ts(424,1): error TS1434: Unexpected keyword or identifier.
src/services/openai.service.ts(425,7): error TS1005: ';' expected.
src/services/openai.service.ts(425,14): error TS1434: Unexpected keyword or identifier.
src/services/openai.service.ts(426,11): error TS1005: ';' expected.
src/services/openai.service.ts(426,17): error TS1434: Unexpected keyword or identifier.
src/services/openai.service.ts(428,1): error TS1434: Unexpected keyword or identifier.
src/services/openai.service.ts(429,7): error TS1005: ';' expected.
src/services/openai.service.ts(429,15): error TS1434: Unexpected keyword or identifier.
src/services/openai.service.ts(430,8): error TS1005: ';' expected.
src/services/openai.service.ts(430,20): error TS1434: Unexpected keyword or identifier.
src/services/openai.service.ts(431,13): error TS1005: ';' expected.
src/services/openai.service.ts(431,22): error TS1434: Unexpected keyword or identifier.
src/services/openai.service.ts(431,63): error TS1005: ';' expected.
src/services/openai.service.ts(432,12): error TS1005: ';' expected.
src/services/openai.service.ts(432,14): error TS1434: Unexpected keyword or identifier.
src/services/openai.service.ts(433,7): error TS1005: ';' expected.
src/services/openai.service.ts(433,26): error TS1005: ';' expected.
src/services/openai.service.ts(433,32): error TS1434: Unexpected keyword or identifier.
src/services/openai.service.ts(435,1): error TS1435: Unknown keyword or identifier. Did you mean 'return'?
src/services/openai.service.ts(435,8): error TS1434: Unexpected keyword or identifier.
src/services/openai.service.ts(435,33): error TS1005: ';' expected.
src/services/openai.service.ts(435,38): error TS1005: ';' expected.
src/services/openai.service.ts(436,16): error TS1005: ';' expected.
src/services/openai.service.ts(436,78): error TS1005: ';' expected.
src/services/openai.service.ts(436,89): error TS1109: Expression expected.
src/services/openai.service.ts(446,21): error TS1005: ';' expected.
src/services/openai.service.ts(446,25): error TS1434: Unexpected keyword or identifier.
src/services/openai.service.ts(446,29): error TS1434: Unexpected keyword or identifier.
src/services/openai.service.ts(446,31): error TS1434: Unexpected keyword or identifier.
src/services/openai.service.ts(446,38): error TS1434: Unexpected keyword or identifier.
src/services/openai.service.ts(446,49): error TS1434: Unexpected keyword or identifier.
src/services/openai.service.ts(446,68): error TS1005: ';' expected.
src/services/openai.service.ts(446,73): error TS1434: Unexpected keyword or identifier.
src/services/openai.service.ts(446,84): error TS1003: Identifier expected.
src/services/openai.service.ts(448,1): error TS1434: Unexpected keyword or identifier.
src/services/openai.service.ts(448,8): error TS1434: Unexpected keyword or identifier.
src/services/openai.service.ts(448,10): error TS1434: Unexpected keyword or identifier.
src/services/openai.service.ts(448,19): error TS1434: Unexpected keyword or identifier.
src/services/openai.service.ts(448,34): error TS1003: Identifier expected.
src/services/openai.service.ts(449,1): error TS1434: Unexpected keyword or identifier.
src/services/openai.service.ts(450,9): error TS1005: ';' expected.
src/services/openai.service.ts(450,11): error TS1434: Unexpected keyword or identifier.
src/services/openai.service.ts(451,13): error TS1005: ';' expected.
src/services/openai.service.ts(451,15): error TS1434: Unexpected keyword or identifier.
src/services/openai.service.ts(452,11): error TS1005: ';' expected.
src/services/openai.service.ts(452,19): error TS1434: Unexpected keyword or identifier.
src/services/openai.service.ts(454,1): error TS1434: Unexpected keyword or identifier.
src/services/openai.service.ts(454,14): error TS1434: Unexpected keyword or identifier.
src/services/openai.service.ts(455,1): error TS1435: Unknown keyword or identifier. Did you mean 'return'?
src/services/openai.service.ts(456,17): error TS1005: ';' expected.
src/services/openai.service.ts(456,57): error TS1005: ';' expected.
src/services/openai.service.ts(456,102): error TS1005: ';' expected.
src/services/openai.service.ts(456,140): error TS1005: ';' expected.
src/services/openai.service.ts(456,177): error TS1005: ';' expected.
src/services/openai.service.ts(456,217): error TS1005: ';' expected.
src/services/openai.service.ts(456,251): error TS1005: ';' expected.
src/services/openai.service.ts(467,27): error TS1005: ';' expected.
src/services/openai.service.ts(467,31): error TS1434: Unexpected keyword or identifier.
src/services/openai.service.ts(467,35): error TS1434: Unexpected keyword or identifier.
src/services/openai.service.ts(467,38): error TS1435: Unknown keyword or identifier. Did you mean 'export'?
src/services/openai.service.ts(467,45): error TS1434: Unexpected keyword or identifier.
src/services/openai.service.ts(467,48): error TS1434: Unexpected keyword or identifier.
src/services/openai.service.ts(467,55): error TS1435: Unknown keyword or identifier. Did you mean 'catch'?
src/services/openai.service.ts(467,61): error TS1434: Unexpected keyword or identifier.
src/services/openai.service.ts(467,65): error TS1434: Unexpected keyword or identifier.
src/services/openai.service.ts(467,85): error TS1005: ';' expected.
src/services/openai.service.ts(467,90): error TS1434: Unexpected keyword or identifier.
src/services/openai.service.ts(467,96): error TS1434: Unexpected keyword or identifier.
src/services/openai.service.ts(467,104): error TS1434: Unexpected keyword or identifier.
src/services/openai.service.ts(467,127): error TS1005: ';' expected.
src/services/openai.service.ts(467,131): error TS1005: '(' expected.
src/services/openai.service.ts(467,147): error TS1005: ';' expected.
src/services/openai.service.ts(467,155): error TS1005: ';' expected.
src/services/openai.service.ts(467,161): error TS1005: ')' expected.
src/services/openai.service.ts(467,173): error TS1005: ';' expected.
src/services/openai.service.ts(467,199): error TS1005: ';' expected.
src/services/openai.service.ts(468,2): error TS1005: ';' expected.
src/services/openai.service.ts(469,1): error TS1434: Unexpected keyword or identifier.
src/services/openai.service.ts(470,1): error TS1435: Unknown keyword or identifier. Did you mean 'never'?
src/services/openai.service.ts(470,7): error TS1434: Unexpected keyword or identifier.
src/services/openai.service.ts(470,14): error TS1434: Unexpected keyword or identifier.
src/services/openai.service.ts(470,36): error TS1005: ';' expected.
src/services/openai.service.ts(470,44): error TS1434: Unexpected keyword or identifier.
src/services/openai.service.ts(470,72): error TS1005: ';' expected.
src/services/openai.service.ts(470,81): error TS1003: Identifier expected.
src/services/openai.service.ts(505,22): error TS1434: Unexpected keyword or identifier.
src/services/openai.service.ts(505,26): error TS1434: Unexpected keyword or identifier.
src/services/openai.service.ts(505,45): error TS1005: ';' expected.
src/services/openai.service.ts(505,51): error TS1434: Unexpected keyword or identifier.
src/services/openai.service.ts(505,54): error TS1434: Unexpected keyword or identifier.
src/services/openai.service.ts(505,61): error TS1435: Unknown keyword or identifier. Did you mean 'catch'?
src/services/openai.service.ts(505,67): error TS1434: Unexpected keyword or identifier.
src/services/openai.service.ts(505,87): error TS1005: ';' expected.
src/services/openai.service.ts(505,90): error TS1434: Unexpected keyword or identifier.
src/services/openai.service.ts(505,96): error TS1434: Unexpected keyword or identifier.
src/services/openai.service.ts(505,122): error TS1005: ';' expected.
src/services/openai.service.ts(505,137): error TS1005: ';' expected.
src/services/openai.service.ts(505,147): error TS1434: Unexpected keyword or identifier.
src/services/openai.service.ts(505,165): error TS1003: Identifier expected.
src/services/openai.service.ts(506,1): error TS1434: Unexpected keyword or identifier.
src/services/openai.service.ts(506,5): error TS1434: Unexpected keyword or identifier.
src/services/openai.service.ts(506,11): error TS1434: Unexpected keyword or identifier.
src/services/openai.service.ts(506,20): error TS1434: Unexpected keyword or identifier.
src/services/openai.service.ts(506,24): error TS1434: Unexpected keyword or identifier.
src/services/openai.service.ts(506,52): error TS1005: ';' expected.
src/services/openai.service.ts(506,59): error TS1127: Invalid character.
src/services/openai.service.ts(506,61): error TS1434: Unexpected keyword or identifier.
src/services/openai.service.ts(506,67): error TS1434: Unexpected keyword or identifier.
src/services/openai.service.ts(506,80): error TS1003: Identifier expected.
src/services/openai.service.ts(507,1): error TS1434: Unexpected keyword or identifier.
src/services/openai.service.ts(507,5): error TS1434: Unexpected keyword or identifier.
src/services/openai.service.ts(507,12): error TS1434: Unexpected keyword or identifier.
src/services/openai.service.ts(507,22): error TS1434: Unexpected keyword or identifier.
src/services/openai.service.ts(507,26): error TS1434: Unexpected keyword or identifier.
src/services/openai.service.ts(507,84): error TS1002: Unterminated string literal.
src/services/openai.service.ts(509,1): error TS1435: Unknown keyword or identifier. Did you mean 'import'?
src/services/openai.service.ts(510,9): error TS1005: ';' expected.
src/services/openai.service.ts(510,14): error TS1434: Unexpected keyword or identifier.
src/services/openai.service.ts(510,21): error TS1434: Unexpected keyword or identifier.
src/services/openai.service.ts(510,26): error TS1434: Unexpected keyword or identifier.
src/services/openai.service.ts(510,34): error TS1434: Unexpected keyword or identifier.
src/services/openai.service.ts(510,38): error TS1434: Unexpected keyword or identifier.
src/services/openai.service.ts(510,78): error TS1002: Unterminated string literal.
src/services/openai.service.ts(511,9): error TS1005: ';' expected.
src/services/openai.service.ts(511,30): error TS1005: ';' expected.
src/services/openai.service.ts(511,33): error TS1434: Unexpected keyword or identifier.
src/services/openai.service.ts(511,37): error TS1434: Unexpected keyword or identifier.
src/services/openai.service.ts(512,1): error TS1003: Identifier expected.
src/services/openai.service.ts(512,6): error TS1005: ';' expected.
src/services/openai.service.ts(512,10): error TS1434: Unexpected keyword or identifier.
src/services/openai.service.ts(512,14): error TS1434: Unexpected keyword or identifier.
src/services/openai.service.ts(512,21): error TS1435: Unknown keyword or identifier. Did you mean 'out'?
src/services/openai.service.ts(512,42): error TS1005: ';' expected.
src/services/openai.service.ts(512,45): error TS1434: Unexpected keyword or identifier.
src/services/openai.service.ts(512,49): error TS1434: Unexpected keyword or identifier.
src/services/openai.service.ts(512,54): error TS1434: Unexpected keyword or identifier.
src/services/openai.service.ts(512,59): error TS1434: Unexpected keyword or identifier.
src/services/openai.service.ts(512,64): error TS1434: Unexpected keyword or identifier.
src/services/openai.service.ts(512,78): error TS1005: '(' expected.
src/services/openai.service.ts(513,1): error TS1003: Identifier expected.
src/services/openai.service.ts(513,10): error TS1005: ')' expected.
src/services/openai.service.ts(513,21): error TS1434: Unexpected keyword or identifier.
src/services/openai.service.ts(513,35): error TS1434: Unexpected keyword or identifier.
src/services/openai.service.ts(513,58): error TS1003: Identifier expected.
src/services/openai.service.ts(516,1): error TS1127: Invalid character.
src/services/openai.service.ts(516,2): error TS1127: Invalid character.
src/services/openai.service.ts(516,4): error TS1005: ';' expected.
src/services/openai.service.ts(516,14): error TS1434: Unexpected keyword or identifier.
src/services/openai.service.ts(517,1): error TS1434: Unexpected keyword or identifier.
src/services/openai.service.ts(517,5): error TS1434: Unexpected keyword or identifier.
src/services/openai.service.ts(517,22): error TS1005: ';' expected.
src/services/openai.service.ts(517,27): error TS1005: ';' expected.
src/services/openai.service.ts(517,42): error TS1005: ';' expected.
src/services/openai.service.ts(517,62): error TS1005: ';' expected.
src/services/openai.service.ts(517,75): error TS1005: ';' expected.
src/services/openai.service.ts(519,1): error TS1003: Identifier expected.
src/services/openai.service.ts(520,13): error TS1005: ';' expected.
src/services/openai.service.ts(521,17): error TS1005: ';' expected.
src/services/openai.service.ts(526,12): error TS1005: ';' expected.
src/services/openai.service.ts(527,15): error TS1005: ';' expected.
src/services/openai.service.ts(528,14): error TS1005: ';' expected.
src/services/openai.service.ts(529,13): error TS1005: ';' expected.
src/services/openai.service.ts(532,1): error TS1434: Unexpected keyword or identifier.
src/services/openai.service.ts(532,24): error TS1005: ';' expected.
src/services/openai.service.ts(532,26): error TS1434: Unexpected keyword or identifier.
src/services/openai.service.ts(532,35): error TS1434: Unexpected keyword or identifier.
src/services/openai.service.ts(532,55): error TS1005: ';' expected.
src/services/openai.service.ts(532,57): error TS1435: Unknown keyword or identifier. Did you mean 'string'?
src/services/openai.service.ts(533,5): error TS1005: ';' expected.
src/services/openai.service.ts(533,28): error TS1005: ';' expected.
src/services/openai.service.ts(533,40): error TS1005: ';' expected.
src/services/openai.service.ts(533,49): error TS1005: ';' expected.
src/services/openai.service.ts(533,73): error TS1005: ';' expected.
src/services/openai.service.ts(533,79): error TS1003: Identifier expected.
src/services/openai.service.ts(537,1): error TS1127: Invalid character.
src/services/openai.service.ts(537,2): error TS1127: Invalid character.
src/services/openai.service.ts(537,4): error TS1005: ';' expected.
src/services/openai.service.ts(537,10): error TS1434: Unexpected keyword or identifier.
src/services/openai.service.ts(538,10): error TS1005: ';' expected.
src/services/openai.service.ts(538,17): error TS1434: Unexpected keyword or identifier.
src/services/openai.service.ts(538,22): error TS1434: Unexpected keyword or identifier.
src/services/openai.service.ts(538,42): error TS1005: ';' expected.
src/services/openai.service.ts(538,65): error TS1005: ';' expected.
src/services/openai.service.ts(538,72): error TS1003: Identifier expected.
src/services/openai.service.ts(539,1): error TS1434: Unexpected keyword or identifier.
src/services/openai.service.ts(539,24): error TS1005: ';' expected.
src/services/openai.service.ts(539,35): error TS1434: Unexpected keyword or identifier.
src/services/openai.service.ts(539,39): error TS1434: Unexpected keyword or identifier.
src/services/openai.service.ts(539,81): error TS1002: Unterminated string literal.
src/services/openai.service.ts(540,1): error TS1434: Unexpected keyword or identifier.
src/services/openai.service.ts(540,17): error TS1005: ';' expected.
src/services/openai.service.ts(540,23): error TS1434: Unexpected keyword or identifier.
src/services/openai.service.ts(540,42): error TS1005: ';' expected.
src/services/openai.service.ts(540,50): error TS1434: Unexpected keyword or identifier.
src/services/openai.service.ts(540,57): error TS1434: Unexpected keyword or identifier.
src/services/openai.service.ts(541,1): error TS1434: Unexpected keyword or identifier.
src/services/openai.service.ts(541,9): error TS1434: Unexpected keyword or identifier.
src/services/openai.service.ts(541,13): error TS1434: Unexpected keyword or identifier.
src/services/openai.service.ts(541,21): error TS1434: Unexpected keyword or identifier.
src/services/openai.service.ts(541,26): error TS1434: Unexpected keyword or identifier.
src/services/openai.service.ts(541,29): error TS1434: Unexpected keyword or identifier.
src/services/openai.service.ts(541,36): error TS1434: Unexpected keyword or identifier.
src/services/openai.service.ts(541,40): error TS1434: Unexpected keyword or identifier.
src/services/openai.service.ts(541,44): error TS1434: Unexpected keyword or identifier.
src/services/openai.service.ts(541,47): error TS1434: Unexpected keyword or identifier.
src/services/openai.service.ts(541,59): error TS1005: '(' expected.
src/services/openai.service.ts(541,65): error TS1005: ';' expected.
src/services/openai.service.ts(541,74): error TS1005: ';' expected.
src/services/openai.service.ts(541,84): error TS1003: Identifier expected.
src/services/openai.service.ts(544,1): error TS1127: Invalid character.
src/services/openai.service.ts(544,2): error TS1127: Invalid character.
src/services/openai.service.ts(544,4): error TS1005: ';' expected.
src/services/openai.service.ts(544,10): error TS1434: Unexpected keyword or identifier.
src/services/openai.service.ts(544,31): error TS1005: ',' expected.
src/services/openai.service.ts(545,1): error TS1434: Unexpected keyword or identifier.
src/services/openai.service.ts(545,5): error TS1434: Unexpected keyword or identifier.
src/services/openai.service.ts(545,9): error TS1434: Unexpected keyword or identifier.
src/services/openai.service.ts(545,12): error TS1434: Unexpected keyword or identifier.
src/services/openai.service.ts(545,16): error TS1435: Unknown keyword or identifier. Did you mean 'export'?
src/services/openai.service.ts(545,23): error TS1434: Unexpected keyword or identifier.
src/services/openai.service.ts(545,27): error TS1434: Unexpected keyword or identifier.
src/services/openai.service.ts(545,54): error TS1005: ';' expected.
src/services/openai.service.ts(545,61): error TS1434: Unexpected keyword or identifier.
src/services/openai.service.ts(545,69): error TS1434: Unexpected keyword or identifier.
src/services/openai.service.ts(546,1): error TS1434: Unexpected keyword or identifier.
src/services/openai.service.ts(546,5): error TS1434: Unexpected keyword or identifier.
src/services/openai.service.ts(548,1): error TS1435: Unknown keyword or identifier. Did you mean 'for'?
src/services/openai.service.ts(548,5): error TS1435: Unknown keyword or identifier. Did you mean 'never'?
src/services/openai.service.ts(548,11): error TS1434: Unexpected keyword or identifier.
src/services/openai.service.ts(548,18): error TS1434: Unexpected keyword or identifier.
src/services/openai.service.ts(548,22): error TS1434: Unexpected keyword or identifier.
src/services/openai.service.ts(548,42): error TS1005: ';' expected.
src/services/openai.service.ts(549,4): error TS1005: ';' expected.
src/services/openai.service.ts(549,8): error TS1434: Unexpected keyword or identifier.
src/services/openai.service.ts(549,23): error TS1434: Unexpected keyword or identifier.
src/services/openai.service.ts(549,29): error TS1434: Unexpected keyword or identifier.
src/services/openai.service.ts(549,38): error TS1434: Unexpected keyword or identifier.
src/services/openai.service.ts(549,42): error TS1434: Unexpected keyword or identifier.
src/services/openai.service.ts(549,54): error TS1005: '(' expected.
src/services/openai.service.ts(549,60): error TS1005: ';' expected.
src/services/openai.service.ts(549,67): error TS1005: ';' expected.
src/services/openai.service.ts(550,1): error TS1005: ')' expected.
src/services/openai.service.ts(550,4): error TS1005: ';' expected.
src/services/openai.service.ts(550,18): error TS1228: A type predicate is only allowed in return type position for functions and methods.
src/services/openai.service.ts(550,21): error TS1434: Unexpected keyword or identifier.
src/services/openai.service.ts(550,27): error TS1434: Unexpected keyword or identifier.
src/services/openai.service.ts(550,29): error TS1434: Unexpected keyword or identifier.
src/services/openai.service.ts(550,49): error TS1109: Expression expected.
src/services/openai.service.ts(550,50): error TS1109: Expression expected.
src/services/openai.service.ts(550,60): error TS1005: ')' expected.
src/services/openai.service.ts(550,73): error TS1005: ';' expected.
src/services/openai.service.ts(550,81): error TS1128: Declaration or statement expected.
src/services/openai.service.ts(551,4): error TS1005: ';' expected.
src/services/openai.service.ts(551,14): error TS1434: Unexpected keyword or identifier.
src/services/openai.service.ts(551,32): error TS1005: ',' expected.
src/services/openai.service.ts(551,40): error TS1005: ',' expected.
src/services/openai.service.ts(551,45): error TS1005: '(' expected.
src/services/openai.service.ts(551,57): error TS1005: ')' expected.
src/services/openai.service.ts(551,68): error TS1005: '(' expected.
src/services/openai.service.ts(551,73): error TS1005: ')' expected.
src/services/openai.service.ts(551,73): error TS1434: Unexpected keyword or identifier.
src/services/openai.service.ts(551,93): error TS1002: Unterminated string literal.
src/services/openai.service.ts(553,1): error TS1434: Unexpected keyword or identifier.
src/services/openai.service.ts(553,8): error TS1434: Unexpected keyword or identifier.
src/services/openai.service.ts(553,13): error TS1434: Unexpected keyword or identifier.
src/services/openai.service.ts(553,21): error TS1434: Unexpected keyword or identifier.
src/services/openai.service.ts(553,26): error TS1434: Unexpected keyword or identifier.
src/services/openai.service.ts(553,37): error TS1005: '(' expected.
src/services/openai.service.ts(553,42): error TS1005: ')' expected.
src/services/openai.service.ts(553,74): error TS1005: ',' expected.
src/services/openai.service.ts(554,16): error TS1109: Expression expected.
src/services/openai.service.ts(554,18): error TS1005: ';' expected.
src/services/openai.service.ts(554,22): error TS1434: Unexpected keyword or identifier.
src/services/openai.service.ts(554,35): error TS1005: '(' expected.
src/services/openai.service.ts(554,42): error TS1005: ')' expected.
src/services/openai.service.ts(555,31): error TS1003: Identifier expected.
src/services/openai.service.ts(558,1): error TS1127: Invalid character.
src/services/openai.service.ts(558,2): error TS1127: Invalid character.
src/services/openai.service.ts(558,4): error TS1005: ';' expected.
src/services/openai.service.ts(558,10): error TS1434: Unexpected keyword or identifier.
src/services/openai.service.ts(558,16): error TS1434: Unexpected keyword or identifier.
src/services/openai.service.ts(559,1): error TS1434: Unexpected keyword or identifier.
src/services/openai.service.ts(559,9): error TS1434: Unexpected keyword or identifier.
src/services/openai.service.ts(559,13): error TS1434: Unexpected keyword or identifier.
src/services/openai.service.ts(559,78): error TS1002: Unterminated string literal.
src/services/openai.service.ts(560,1): error TS1434: Unexpected keyword or identifier.
src/services/openai.service.ts(560,5): error TS1434: Unexpected keyword or identifier.
src/services/openai.service.ts(560,10): error TS1434: Unexpected keyword or identifier.
src/services/openai.service.ts(560,20): error TS1434: Unexpected keyword or identifier.
src/services/openai.service.ts(560,23): error TS1434: Unexpected keyword or identifier.
src/services/openai.service.ts(560,28): error TS1434: Unexpected keyword or identifier.
src/services/openai.service.ts(560,32): error TS1434: Unexpected keyword or identifier.
src/services/openai.service.ts(560,41): error TS1434: Unexpected keyword or identifier.
src/services/openai.service.ts(560,48): error TS1434: Unexpected keyword or identifier.
src/services/openai.service.ts(560,58): error TS1434: Unexpected keyword or identifier.
src/services/openai.service.ts(560,61): error TS1434: Unexpected keyword or identifier.
src/services/openai.service.ts(560,66): error TS1434: Unexpected keyword or identifier.
src/services/openai.service.ts(560,76): error TS1434: Unexpected keyword or identifier.
src/services/openai.service.ts(562,1): error TS1434: Unexpected keyword or identifier.
src/services/openai.service.ts(562,11): error TS1434: Unexpected keyword or identifier.
src/services/openai.service.ts(562,27): error TS1110: Type expected.
src/services/openai.service.ts(563,4): error TS1005: ';' expected.
src/services/openai.service.ts(563,11): error TS1434: Unexpected keyword or identifier.
src/services/openai.service.ts(563,16): error TS1434: Unexpected keyword or identifier.
src/services/openai.service.ts(563,21): error TS1434: Unexpected keyword or identifier.
src/services/openai.service.ts(563,26): error TS1434: Unexpected keyword or identifier.
src/services/openai.service.ts(563,30): error TS1434: Unexpected keyword or identifier.
src/services/openai.service.ts(563,59): error TS1005: ',' expected.
src/services/openai.service.ts(563,62): error TS1005: ',' expected.
src/services/openai.service.ts(564,4): error TS1005: ';' expected.
src/services/openai.service.ts(564,13): error TS1434: Unexpected keyword or identifier.
src/services/openai.service.ts(564,21): error TS1434: Unexpected keyword or identifier.
src/services/openai.service.ts(564,32): error TS1005: '(' expected.
src/services/openai.service.ts(564,37): error TS1005: ';' expected.
src/services/openai.service.ts(565,1): error TS1005: ';' expected.
src/services/openai.service.ts(565,4): error TS1005: ')' expected.
src/services/openai.service.ts(565,17): error TS1005: ';' expected.
src/services/openai.service.ts(565,42): error TS1005: ',' expected.
src/services/openai.service.ts(565,46): error TS1005: ',' expected.
src/services/openai.service.ts(566,4): error TS1005: ';' expected.
src/services/openai.service.ts(566,15): error TS1005: ';' expected.
src/services/openai.service.ts(566,19): error TS1434: Unexpected keyword or identifier.
src/services/openai.service.ts(566,28): error TS1434: Unexpected keyword or identifier.
src/services/openai.service.ts(566,41): error TS1005: '(' expected.
src/services/openai.service.ts(566,50): error TS1005: ')' expected.
src/services/openai.service.ts(566,65): error TS1005: ',' expected.
src/services/openai.service.ts(566,70): error TS1005: ',' expected.
src/services/openai.service.ts(568,1): error TS1434: Unexpected keyword or identifier.
src/services/openai.service.ts(568,14): error TS1434: Unexpected keyword or identifier.
src/services/openai.service.ts(568,19): error TS1434: Unexpected keyword or identifier.
src/services/openai.service.ts(568,47): error TS1005: ';' expected.
src/services/openai.service.ts(568,54): error TS1434: Unexpected keyword or identifier.
src/services/openai.service.ts(568,68): error TS1434: Unexpected keyword or identifier.
src/services/openai.service.ts(569,1): error TS1434: Unexpected keyword or identifier.
src/services/openai.service.ts(569,13): error TS1434: Unexpected keyword or identifier.
src/services/openai.service.ts(569,18): error TS1434: Unexpected keyword or identifier.
src/services/openai.service.ts(569,26): error TS1434: Unexpected keyword or identifier.
src/services/openai.service.ts(569,32): error TS1434: Unexpected keyword or identifier.
src/services/openai.service.ts(569,41): error TS1434: Unexpected keyword or identifier.
src/services/openai.service.ts(569,44): error TS1434: Unexpected keyword or identifier.
src/services/openai.service.ts(569,56): error TS1003: Identifier expected.
src/services/openai.service.ts(572,1): error TS1127: Invalid character.
src/services/openai.service.ts(572,2): error TS1127: Invalid character.
src/services/openai.service.ts(572,4): error TS1005: ';' expected.
src/services/openai.service.ts(572,10): error TS1434: Unexpected keyword or identifier.
src/services/openai.service.ts(572,32): error TS1005: ',' expected.
src/services/openai.service.ts(573,1): error TS1434: Unexpected keyword or identifier.
src/services/openai.service.ts(573,5): error TS1434: Unexpected keyword or identifier.
src/services/openai.service.ts(573,9): error TS1434: Unexpected keyword or identifier.
src/services/openai.service.ts(573,23): error TS1005: ';' expected.
src/services/openai.service.ts(573,45): error TS1005: ';' expected.
src/services/openai.service.ts(573,51): error TS1005: ';' expected.
src/services/openai.service.ts(573,56): error TS1434: Unexpected keyword or identifier.
src/services/openai.service.ts(573,63): error TS1434: Unexpected keyword or identifier.
src/services/openai.service.ts(574,1): error TS1434: Unexpected keyword or identifier.
src/services/openai.service.ts(574,5): error TS1434: Unexpected keyword or identifier.
src/services/openai.service.ts(574,10): error TS1434: Unexpected keyword or identifier.
src/services/openai.service.ts(574,15): error TS1434: Unexpected keyword or identifier.
src/services/openai.service.ts(574,20): error TS1434: Unexpected keyword or identifier.
src/services/openai.service.ts(574,26): error TS1434: Unexpected keyword or identifier.
src/services/openai.service.ts(574,35): error TS1434: Unexpected keyword or identifier.
src/services/openai.service.ts(574,38): error TS1434: Unexpected keyword or identifier.
src/services/openai.service.ts(574,42): error TS1434: Unexpected keyword or identifier.
src/services/openai.service.ts(574,71): error TS1005: ';' expected.
src/services/openai.service.ts(574,79): error TS1003: Identifier expected.
src/services/openai.service.ts(576,1): error TS1435: Unknown keyword or identifier. Did you mean 'for'?
src/services/openai.service.ts(576,5): error TS1434: Unexpected keyword or identifier.
src/services/openai.service.ts(577,9): error TS1005: ';' expected.
src/services/openai.service.ts(577,13): error TS1434: Unexpected keyword or identifier.
src/services/openai.service.ts(577,36): error TS1005: ';' expected.
src/services/openai.service.ts(577,48): error TS1434: Unexpected keyword or identifier.
src/services/openai.service.ts(577,54): error TS1434: Unexpected keyword or identifier.
src/services/openai.service.ts(578,9): error TS1005: ';' expected.
src/services/openai.service.ts(578,51): error TS1005: ';' expected.
src/services/openai.service.ts(579,8): error TS1005: ';' expected.
src/services/openai.service.ts(579,10): error TS1434: Unexpected keyword or identifier.
src/services/openai.service.ts(579,16): error TS1434: Unexpected keyword or identifier.
src/services/openai.service.ts(579,34): error TS1005: ',' expected.
src/services/openai.service.ts(579,41): error TS1005: ',' expected.
src/services/openai.service.ts(579,54): error TS1005: ';' expected.
src/services/openai.service.ts(579,57): error TS1434: Unexpected keyword or identifier.
src/services/openai.service.ts(580,33): error TS1005: ',' expected.
src/services/openai.service.ts(581,11): error TS1005: ';' expected.
src/services/openai.service.ts(581,26): error TS1005: ';' expected.
src/services/openai.service.ts(581,33): error TS1434: Unexpected keyword or identifier.
src/services/openai.service.ts(581,41): error TS1434: Unexpected keyword or identifier.
src/services/openai.service.ts(581,46): error TS1434: Unexpected keyword or identifier.
src/services/openai.service.ts(581,54): error TS1434: Unexpected keyword or identifier.
src/services/openai.service.ts(581,64): error TS1434: Unexpected keyword or identifier.
src/services/openai.service.ts(584,1): error TS1127: Invalid character.
src/services/openai.service.ts(584,2): error TS1127: Invalid character.
src/services/openai.service.ts(584,4): error TS1005: ';' expected.
src/services/openai.service.ts(584,10): error TS1434: Unexpected keyword or identifier.
src/services/openai.service.ts(584,37): error TS1005: ',' expected.
src/services/openai.service.ts(585,1): error TS1434: Unexpected keyword or identifier.
src/services/openai.service.ts(585,7): error TS1434: Unexpected keyword or identifier.
src/services/openai.service.ts(585,10): error TS1435: Unknown keyword or identifier. Did you mean 'static'?
src/services/openai.service.ts(585,20): error TS1434: Unexpected keyword or identifier.
src/services/openai.service.ts(585,34): error TS1434: Unexpected keyword or identifier.
src/services/openai.service.ts(585,63): error TS1005: ';' expected.
src/services/openai.service.ts(585,81): error TS1003: Identifier expected.
src/services/openai.service.ts(587,1): error TS1435: Unknown keyword or identifier. Did you mean 'for'?
src/services/openai.service.ts(587,5): error TS1434: Unexpected keyword or identifier.
src/services/openai.service.ts(588,8): error TS1005: ';' expected.
src/services/openai.service.ts(588,10): error TS1434: Unexpected keyword or identifier.
src/services/openai.service.ts(588,19): error TS1434: Unexpected keyword or identifier.
src/services/openai.service.ts(588,26): error TS1434: Unexpected keyword or identifier.
src/services/openai.service.ts(588,32): error TS1434: Unexpected keyword or identifier.
src/services/openai.service.ts(588,38): error TS1434: Unexpected keyword or identifier.
src/services/openai.service.ts(588,41): error TS1434: Unexpected keyword or identifier.
src/services/openai.service.ts(588,47): error TS1434: Unexpected keyword or identifier.
src/services/openai.service.ts(588,58): error TS1434: Unexpected keyword or identifier.
src/services/openai.service.ts(588,62): error TS1434: Unexpected keyword or identifier.
src/services/openai.service.ts(589,11): error TS1005: ';' expected.
src/services/openai.service.ts(589,18): error TS1109: Expression expected.
src/services/openai.service.ts(589,21): error TS1005: '(' expected.
src/services/openai.service.ts(589,27): error TS1005: ';' expected.
src/services/openai.service.ts(589,39): error TS1005: ';' expected.
src/services/openai.service.ts(589,46): error TS1005: ')' expected.
src/services/openai.service.ts(589,51): error TS1434: Unexpected keyword or identifier.
src/services/openai.service.ts(590,11): error TS1005: ';' expected.
src/services/openai.service.ts(590,34): error TS1005: ';' expected.
src/services/openai.service.ts(590,36): error TS1434: Unexpected keyword or identifier.
src/services/openai.service.ts(590,42): error TS1434: Unexpected keyword or identifier.
src/services/openai.service.ts(590,50): error TS1434: Unexpected keyword or identifier.
src/services/openai.service.ts(590,68): error TS1005: ';' expected.
src/services/openai.service.ts(592,1): error TS1435: Unknown keyword or identifier. Did you mean 'for'?
src/services/openai.service.ts(592,5): error TS1434: Unexpected keyword or identifier.
src/services/openai.service.ts(593,8): error TS1005: ';' expected.
src/services/openai.service.ts(593,10): error TS1434: Unexpected keyword or identifier.
src/services/openai.service.ts(593,20): error TS1434: Unexpected keyword or identifier.
src/services/openai.service.ts(593,52): error TS1005: ',' expected.
src/services/openai.service.ts(593,56): error TS1005: ',' expected.
src/services/openai.service.ts(593,71): error TS1005: ',' expected.
src/services/openai.service.ts(594,11): error TS1005: ';' expected.
src/services/openai.service.ts(594,13): error TS1005: ';' expected.
src/services/openai.service.ts(594,22): error TS1434: Unexpected keyword or identifier.
src/services/openai.service.ts(594,29): error TS1434: Unexpected keyword or identifier.
src/services/openai.service.ts(594,32): error TS1434: Unexpected keyword or identifier.
src/services/openai.service.ts(594,38): error TS1434: Unexpected keyword or identifier.
src/services/openai.service.ts(594,43): error TS1434: Unexpected keyword or identifier.
src/services/openai.service.ts(594,50): error TS1434: Unexpected keyword or identifier.
src/services/openai.service.ts(594,53): error TS1434: Unexpected keyword or identifier.
src/services/openai.service.ts(594,67): error TS1005: '(' expected.
src/services/openai.service.ts(594,72): error TS1005: ')' expected.
src/services/openai.service.ts(596,1): error TS1434: Unexpected keyword or identifier.
src/services/openai.service.ts(596,6): error TS1434: Unexpected keyword or identifier.
src/services/openai.service.ts(596,13): error TS1434: Unexpected keyword or identifier.
src/services/openai.service.ts(596,22): error TS1434: Unexpected keyword or identifier.
src/services/openai.service.ts(596,42): error TS1005: ';' expected.
src/services/openai.service.ts(596,63): error TS1005: ';' expected.
src/services/openai.service.ts(600,1): error TS1127: Invalid character.
src/services/openai.service.ts(600,2): error TS1127: Invalid character.
src/services/openai.service.ts(600,4): error TS1005: ';' expected.
src/services/openai.service.ts(600,10): error TS1434: Unexpected keyword or identifier.
src/services/openai.service.ts(601,1): error TS1434: Unexpected keyword or identifier.
src/services/openai.service.ts(601,6): error TS1434: Unexpected keyword or identifier.
src/services/openai.service.ts(601,16): error TS1434: Unexpected keyword or identifier.
src/services/openai.service.ts(601,26): error TS1434: Unexpected keyword or identifier.
src/services/openai.service.ts(601,31): error TS1434: Unexpected keyword or identifier.
src/services/openai.service.ts(601,38): error TS1434: Unexpected keyword or identifier.
src/services/openai.service.ts(601,46): error TS1434: Unexpected keyword or identifier.
src/services/openai.service.ts(601,78): error TS1005: ';' expected.
src/services/openai.service.ts(601,86): error TS1003: Identifier expected.
src/services/openai.service.ts(603,1): error TS1434: Unexpected keyword or identifier.
src/services/openai.service.ts(603,13): error TS1005: '(' expected.
src/services/openai.service.ts(603,19): error TS1005: ';' expected.
src/services/openai.service.ts(603,26): error TS1005: ';' expected.
src/services/openai.service.ts(603,30): error TS1005: ')' expected.
src/services/openai.service.ts(604,4): error TS1005: ';' expected.
src/services/openai.service.ts(604,13): error TS1434: Unexpected keyword or identifier.
src/services/openai.service.ts(604,17): error TS1434: Unexpected keyword or identifier.
src/services/openai.service.ts(604,37): error TS1005: ',' expected.
src/services/openai.service.ts(604,46): error TS1005: ',' expected.
src/services/openai.service.ts(604,57): error TS1005: ',' expected.
src/services/openai.service.ts(604,68): error TS1005: ',' expected.
src/services/openai.service.ts(605,4): error TS1005: ';' expected.
src/services/openai.service.ts(605,8): error TS1434: Unexpected keyword or identifier.
src/services/openai.service.ts(605,12): error TS1434: Unexpected keyword or identifier.
src/services/openai.service.ts(605,23): error TS1434: Unexpected keyword or identifier.
src/services/openai.service.ts(605,35): error TS1005: '(' expected.
src/services/openai.service.ts(605,37): error TS1005: ')' expected.
src/services/openai.service.ts(605,44): error TS1228: A type predicate is only allowed in return type position for functions and methods.
src/services/openai.service.ts(605,84): error TS1002: Unterminated string literal.
src/services/openai.service.ts(606,4): error TS1434: Unexpected keyword or identifier.
src/services/openai.service.ts(606,7): error TS1434: Unexpected keyword or identifier.
src/services/openai.service.ts(606,11): error TS1435: Unknown keyword or identifier. Did you mean 'any'?
src/services/openai.service.ts(606,16): error TS1434: Unexpected keyword or identifier.
src/services/openai.service.ts(606,22): error TS1434: Unexpected keyword or identifier.
src/services/openai.service.ts(606,31): error TS1005: ';' expected.
src/services/openai.service.ts(606,83): error TS1002: Unterminated string literal.
src/services/openai.service.ts(607,1): error TS1005: ':' expected.
src/services/openai.service.ts(607,4): error TS1005: ';' expected.
src/services/openai.service.ts(607,14): error TS1005: ';' expected.
src/services/openai.service.ts(607,24): error TS1435: Unknown keyword or identifier. Did you mean 'var iations'?
src/services/openai.service.ts(607,35): error TS1434: Unexpected keyword or identifier.
src/services/openai.service.ts(607,42): error TS1434: Unexpected keyword or identifier.
src/services/openai.service.ts(607,45): error TS1434: Unexpected keyword or identifier.
src/services/openai.service.ts(608,4): error TS1005: ';' expected.
src/services/openai.service.ts(608,9): error TS1434: Unexpected keyword or identifier.
src/services/openai.service.ts(608,13): error TS1434: Unexpected keyword or identifier.
src/services/openai.service.ts(608,17): error TS1434: Unexpected keyword or identifier.
src/services/openai.service.ts(608,25): error TS1435: Unknown keyword or identifier. Did you mean 'const'?
src/services/openai.service.ts(608,31): error TS1434: Unexpected keyword or identifier.
src/services/openai.service.ts(608,38): error TS1434: Unexpected keyword or identifier.
src/services/openai.service.ts(610,1): error TS1434: Unexpected keyword or identifier.
src/services/openai.service.ts(610,6): error TS1434: Unexpected keyword or identifier.
src/services/openai.service.ts(611,10): error TS1127: Invalid character.
src/services/openai.service.ts(611,12): error TS1434: Unexpected keyword or identifier.
src/services/openai.service.ts(611,30): error TS1005: '(' expected.
src/services/openai.service.ts(612,3): error TS1005: ')' expected.
src/services/openai.service.ts(612,13): error TS1127: Invalid character.
src/services/openai.service.ts(613,8): error TS1127: Invalid character.
src/services/openai.service.ts(614,10): error TS1127: Invalid character.
src/services/openai.service.ts(614,34): error TS1005: ';' expected.
src/services/openai.service.ts(614,43): error TS1434: Unexpected keyword or identifier.
src/services/openai.service.ts(614,54): error TS1005: ';' expected.
src/services/openai.service.ts(616,8): error TS1005: ';' expected.
src/services/openai.service.ts(616,33): error TS1005: ';' expected.
src/services/openai.service.ts(616,38): error TS1434: Unexpected keyword or identifier.
src/services/openai.service.ts(616,42): error TS1434: Unexpected keyword or identifier.
src/services/openai.service.ts(616,58): error TS1005: ';' expected.
src/services/openai.service.ts(616,63): error TS1434: Unexpected keyword or identifier.
src/services/openai.service.ts(616,74): error TS1003: Identifier expected.
src/services/openai.service.ts(619,1): error TS1127: Invalid character.
src/services/openai.service.ts(619,2): error TS1127: Invalid character.
src/services/openai.service.ts(619,4): error TS1005: ';' expected.
src/services/openai.service.ts(619,10): error TS1434: Unexpected keyword or identifier.
src/services/openai.service.ts(619,15): error TS1434: Unexpected keyword or identifier.
src/services/openai.service.ts(620,1): error TS1435: Unknown keyword or identifier. Did you mean 'this'?
src/services/openai.service.ts(620,6): error TS1228: A type predicate is only allowed in return type position for functions and methods.
src/services/openai.service.ts(620,9): error TS1434: Unexpected keyword or identifier.
src/services/openai.service.ts(620,21): error TS1005: ';' expected.
src/services/openai.service.ts(620,37): error TS1005: ';' expected.
src/services/openai.service.ts(620,41): error TS1434: Unexpected keyword or identifier.
src/services/openai.service.ts(620,60): error TS1005: ';' expected.
src/services/openai.service.ts(620,64): error TS1005: '(' expected.
src/services/openai.service.ts(620,68): error TS1005: ';' expected.
src/services/openai.service.ts(620,81): error TS1005: ';' expected.
src/services/openai.service.ts(620,87): error TS1003: Identifier expected.
src/services/openai.service.ts(622,1): error TS1005: ')' expected.
src/services/openai.service.ts(623,7): error TS1005: ';' expected.
src/services/openai.service.ts(623,15): error TS1434: Unexpected keyword or identifier.
src/services/openai.service.ts(623,19): error TS1434: Unexpected keyword or identifier.
src/services/openai.service.ts(623,28): error TS1434: Unexpected keyword or identifier.
src/services/openai.service.ts(623,44): error TS1005: ';' expected.
src/services/openai.service.ts(623,48): error TS1434: Unexpected keyword or identifier.
src/services/openai.service.ts(623,52): error TS1434: Unexpected keyword or identifier.
src/services/openai.service.ts(623,62): error TS1434: Unexpected keyword or identifier.
src/services/openai.service.ts(624,1): error TS1003: Identifier expected.
src/services/openai.service.ts(624,9): error TS1005: ';' expected.
src/services/openai.service.ts(624,13): error TS1434: Unexpected keyword or identifier.
src/services/openai.service.ts(624,33): error TS1005: ';' expected.
src/services/openai.service.ts(624,43): error TS1005: ',' expected.
src/services/openai.service.ts(624,50): error TS1005: ',' expected.
src/services/openai.service.ts(624,56): error TS1005: ',' expected.
src/services/openai.service.ts(624,63): error TS1005: ',' expected.
src/services/openai.service.ts(624,70): error TS1005: ',' expected.
src/services/openai.service.ts(624,74): error TS1005: ',' expected.
src/services/openai.service.ts(624,79): error TS1005: ',' expected.
src/services/openai.service.ts(624,87): error TS1005: ',' expected.
src/services/openai.service.ts(625,8): error TS1005: ';' expected.
src/services/openai.service.ts(625,10): error TS1434: Unexpected keyword or identifier.
src/services/openai.service.ts(625,31): error TS1005: ';' expected.
src/services/openai.service.ts(625,33): error TS1005: ';' expected.
src/services/openai.service.ts(625,49): error TS1005: ';' expected.
src/services/openai.service.ts(625,51): error TS1435: Unknown keyword or identifier. Did you mean 'finally'?
src/services/openai.service.ts(625,57): error TS1434: Unexpected keyword or identifier.
src/services/openai.service.ts(625,70): error TS1005: '(' expected.
src/services/openai.service.ts(625,78): error TS1005: ')' expected.
src/services/openai.service.ts(627,15): error TS1005: ',' expected.
src/services/openai.service.ts(627,20): error TS1005: ',' expected.
src/services/openai.service.ts(627,30): error TS1005: ',' expected.
src/services/openai.service.ts(627,40): error TS1005: ',' expected.
src/services/openai.service.ts(627,44): error TS1005: ',' expected.
src/services/openai.service.ts(627,48): error TS1005: '(' expected.
src/services/openai.service.ts(627,54): error TS1005: ';' expected.
src/services/openai.service.ts(627,58): error TS1005: ';' expected.
src/services/openai.service.ts(627,61): error TS1005: ')' expected.
src/services/openai.service.ts(627,63): error TS1005: ';' expected.
src/services/openai.service.ts(627,64): error TS1128: Declaration or statement expected.
src/services/openai.service.ts(628,21): error TS1005: ';' expected.
src/services/openai.service.ts(628,34): error TS1005: ';' expected.
src/services/openai.service.ts(628,35): error TS1434: Unexpected keyword or identifier.
src/services/openai.service.ts(628,56): error TS1005: ';' expected.
src/services/openai.service.ts(628,57): error TS1434: Unexpected keyword or identifier.
src/services/openai.service.ts(629,31): error TS1005: ';' expected.
src/services/openai.service.ts(629,32): error TS1434: Unexpected keyword or identifier.
src/services/openai.service.ts(629,54): error TS1005: ';' expected.
src/services/openai.service.ts(629,55): error TS1434: Unexpected keyword or identifier.
src/services/openai.service.ts(629,64): error TS1434: Unexpected keyword or identifier.
src/services/openai.service.ts(629,74): error TS1434: Unexpected keyword or identifier.
src/services/openai.service.ts(630,32): error TS1005: ';' expected.
src/services/openai.service.ts(630,33): error TS1434: Unexpected keyword or identifier.
src/services/openai.service.ts(630,39): error TS1434: Unexpected keyword or identifier.
src/services/openai.service.ts(630,54): error TS1005: ';' expected.
src/services/openai.service.ts(632,1): error TS1434: Unexpected keyword or identifier.
src/services/openai.service.ts(632,11): error TS1005: '(' expected.
src/services/openai.service.ts(635,1): error TS1127: Invalid character.
src/services/openai.service.ts(635,2): error TS1127: Invalid character.
src/services/openai.service.ts(635,4): error TS1005: ';' expected.
src/services/openai.service.ts(635,10): error TS1434: Unexpected keyword or identifier.
src/services/openai.service.ts(635,14): error TS1434: Unexpected keyword or identifier.
src/services/openai.service.ts(635,33): error TS1005: ',' expected.
src/services/openai.service.ts(636,1): error TS1434: Unexpected keyword or identifier.
src/services/openai.service.ts(636,5): error TS1434: Unexpected keyword or identifier.
src/services/openai.service.ts(636,10): error TS1434: Unexpected keyword or identifier.
src/services/openai.service.ts(636,14): error TS1434: Unexpected keyword or identifier.
src/services/openai.service.ts(636,23): error TS1434: Unexpected keyword or identifier.
src/services/openai.service.ts(636,25): error TS1434: Unexpected keyword or identifier.
src/services/openai.service.ts(636,34): error TS1434: Unexpected keyword or identifier.
src/services/openai.service.ts(636,52): error TS1005: ';' expected.
src/services/openai.service.ts(636,59): error TS1434: Unexpected keyword or identifier.
src/services/openai.service.ts(636,68): error TS1434: Unexpected keyword or identifier.
src/services/openai.service.ts(636,76): error TS1228: A type predicate is only allowed in return type position for functions and methods.
src/services/openai.service.ts(637,1): error TS1434: Unexpected keyword or identifier.
src/services/openai.service.ts(637,10): error TS1434: Unexpected keyword or identifier.
src/services/openai.service.ts(637,18): error TS1005: ';' expected.
src/services/openai.service.ts(637,34): error TS1005: ';' expected.
src/services/openai.service.ts(637,49): error TS1003: Identifier expected.
src/services/openai.service.ts(639,1): error TS1435: Unknown keyword or identifier. Did you mean 'from'?
src/services/openai.service.ts(639,6): error TS1434: Unexpected keyword or identifier.
src/services/openai.service.ts(639,10): error TS1434: Unexpected keyword or identifier.
src/services/openai.service.ts(639,14): error TS1434: Unexpected keyword or identifier.
src/services/openai.service.ts(639,40): error TS1005: ';' expected.
src/services/openai.service.ts(640,4): error TS1005: ';' expected.
src/services/openai.service.ts(640,26): error TS1005: ',' expected.
src/services/openai.service.ts(640,32): error TS1005: ',' expected.
src/services/openai.service.ts(640,40): error TS1005: ',' expected.
src/services/openai.service.ts(640,44): error TS1005: ',' expected.
src/services/openai.service.ts(640,55): error TS1002: Unterminated string literal.
src/services/openai.service.ts(641,1): error TS1005: ',' expected.
src/services/openai.service.ts(641,4): error TS1005: ',' expected.
src/services/openai.service.ts(641,14): error TS1005: ',' expected.
src/services/openai.service.ts(641,28): error TS1005: ',' expected.
src/services/openai.service.ts(641,35): error TS1005: ',' expected.
src/services/openai.service.ts(641,38): error TS1005: ',' expected.
src/services/openai.service.ts(642,1): error TS1005: ',' expected.
src/services/openai.service.ts(642,4): error TS1005: ',' expected.
src/services/openai.service.ts(642,8): error TS1005: ',' expected.
src/services/openai.service.ts(642,30): error TS1005: ',' expected.
src/services/openai.service.ts(642,36): error TS1005: ',' expected.
src/services/openai.service.ts(642,39): error TS1005: ',' expected.
src/services/openai.service.ts(642,43): error TS1005: ',' expected.
src/services/openai.service.ts(642,47): error TS1005: ',' expected.
src/services/openai.service.ts(642,66): error TS1002: Unterminated string literal.
src/services/openai.service.ts(643,1): error TS1005: ',' expected.
src/services/openai.service.ts(643,4): error TS1005: ',' expected.
src/services/openai.service.ts(643,21): error TS1005: ',' expected.
src/services/openai.service.ts(643,35): error TS1005: ',' expected.
src/services/openai.service.ts(643,47): error TS1005: ',' expected.
src/services/openai.service.ts(643,61): error TS1005: ',' expected.
src/services/openai.service.ts(645,1): error TS1005: ',' expected.
src/services/openai.service.ts(645,5): error TS1005: ',' expected.
src/services/openai.service.ts(645,11): error TS1005: ',' expected.
src/services/openai.service.ts(645,17): error TS1005: ',' expected.
src/services/openai.service.ts(645,20): error TS1005: ',' expected.
src/services/openai.service.ts(645,36): error TS1005: ',' expected.
src/services/openai.service.ts(645,39): error TS1005: ',' expected.
src/services/openai.service.ts(645,48): error TS1005: ',' expected.
src/services/openai.service.ts(645,51): error TS1005: ',' expected.
src/services/openai.service.ts(645,53): error TS1005: ',' expected.
src/services/openai.service.ts(645,65): error TS1005: ',' expected.
src/services/openai.service.ts(645,69): error TS1005: ',' expected.
src/services/openai.service.ts(645,77): error TS1003: Identifier expected.
src/services/openai.service.ts(646,1): error TS1005: ',' expected.
src/services/openai.service.ts(646,10): error TS1005: ',' expected.
src/services/openai.service.ts(646,14): error TS1005: ',' expected.
src/services/openai.service.ts(646,18): error TS1005: ',' expected.
src/services/openai.service.ts(646,74): error TS1002: Unterminated string literal.
src/services/openai.service.ts(647,1): error TS1005: ',' expected.
src/services/openai.service.ts(647,13): error TS1005: ',' expected.
src/services/openai.service.ts(647,16): error TS1005: ',' expected.
src/services/openai.service.ts(647,21): error TS1005: ',' expected.
src/services/openai.service.ts(647,25): error TS1005: ',' expected.
src/services/openai.service.ts(647,31): error TS1005: ',' expected.
src/services/openai.service.ts(647,38): error TS1005: ',' expected.
src/services/openai.service.ts(647,42): error TS1005: ',' expected.
src/services/openai.service.ts(647,46): error TS1005: ',' expected.
src/services/openai.service.ts(647,50): error TS1005: ',' expected.
src/services/openai.service.ts(647,53): error TS1005: ',' expected.
src/services/openai.service.ts(647,61): error TS1005: ',' expected.
src/services/openai.service.ts(647,66): error TS1003: Identifier expected.
src/services/openai.service.ts(666,1): error TS1127: Invalid character.
src/services/openai.service.ts(666,2): error TS1127: Invalid character.
src/services/openai.service.ts(666,4): error TS1005: ',' expected.
src/services/openai.service.ts(666,8): error TS1005: ',' expected.
src/services/openai.service.ts(666,12): error TS1005: ',' expected.
src/services/openai.service.ts(666,16): error TS1005: ',' expected.
src/services/openai.service.ts(666,25): error TS1005: ',' expected.
src/services/openai.service.ts(666,31): error TS1005: ',' expected.
src/services/openai.service.ts(667,13): error TS1005: ',' expected.
src/services/openai.service.ts(667,16): error TS1005: ',' expected.
src/services/openai.service.ts(667,24): error TS1005: ',' expected.
src/services/openai.service.ts(667,42): error TS1005: ',' expected.
src/services/openai.service.ts(667,46): error TS1005: ',' expected.
src/services/openai.service.ts(668,13): error TS1005: ',' expected.
src/services/openai.service.ts(668,19): error TS1005: ',' expected.
src/services/openai.service.ts(668,22): error TS1005: ',' expected.
src/services/openai.service.ts(668,23): error TS1136: Property assignment expected.
src/services/openai.service.ts(668,79): error TS1005: ',' expected.
src/services/openai.service.ts(669,8): error TS1005: ',' expected.
src/services/openai.service.ts(669,14): error TS1005: ',' expected.
src/services/openai.service.ts(669,17): error TS1005: ',' expected.
src/services/openai.service.ts(669,18): error TS1136: Property assignment expected.
src/services/openai.service.ts(669,69): error TS1005: ',' expected.
src/services/openai.service.ts(670,10): error TS1005: ',' expected.
src/services/openai.service.ts(670,13): error TS1005: ',' expected.
src/services/openai.service.ts(670,16): error TS1005: ',' expected.
src/services/openai.service.ts(670,17): error TS1136: Property assignment expected.
src/services/openai.service.ts(670,71): error TS1005: ',' expected.
src/services/openai.service.ts(671,10): error TS1005: ',' expected.
src/services/openai.service.ts(671,14): error TS1005: ',' expected.
src/services/openai.service.ts(671,17): error TS1005: ',' expected.
src/services/openai.service.ts(671,29): error TS1005: ',' expected.
src/services/openai.service.ts(671,47): error TS1005: ',' expected.
src/services/openai.service.ts(672,10): error TS1005: ',' expected.
src/services/openai.service.ts(672,27): error TS1005: ',' expected.
src/services/openai.service.ts(672,30): error TS1005: ',' expected.
src/services/openai.service.ts(672,47): error TS1005: ',' expected.
src/services/openai.service.ts(672,74): error TS1005: ',' expected.
src/services/openai.service.ts(672,89): error TS1005: ',' expected.
src/services/openai.service.ts(672,91): error TS1005: ',' expected.
src/services/openai.service.ts(672,114): error TS1005: ',' expected.
src/services/openai.service.ts(673,2): error TS1005: ',' expected.
src/services/openai.service.ts(673,16): error TS1005: ',' expected.
src/services/openai.service.ts(673,79): error TS1005: ',' expected.
src/services/openai.service.ts(673,83): error TS1005: ',' expected.
src/services/openai.service.ts(675,19): error TS1005: ',' expected.
src/services/openai.service.ts(675,20): error TS1005: ',' expected.
src/services/openai.service.ts(675,33): error TS1127: Invalid character.
src/services/openai.service.ts(675,36): error TS1005: ',' expected.
src/services/openai.service.ts(675,49): error TS1127: Invalid character.
src/services/openai.service.ts(675,52): error TS1005: ',' expected.
src/services/openai.service.ts(675,67): error TS1127: Invalid character.
src/services/openai.service.ts(675,70): error TS1005: ',' expected.
src/services/openai.service.ts(675,83): error TS1005: ',' expected.
src/services/openai.service.ts(675,89): error TS1005: ':' expected.
src/services/openai.service.ts(678,20): error TS1127: Invalid character.
src/services/openai.service.ts(678,22): error TS1127: Invalid character.
src/services/openai.service.ts(678,24): error TS1127: Invalid character.
src/services/openai.service.ts(678,25): error TS1127: Invalid character.
src/services/openai.service.ts(678,27): error TS1005: ',' expected.
src/services/openai.service.ts(678,31): error TS1005: ',' expected.
src/services/openai.service.ts(678,39): error TS1005: ',' expected.
src/services/openai.service.ts(678,46): error TS1127: Invalid character.
src/services/openai.service.ts(678,49): error TS1005: ',' expected.
src/services/openai.service.ts(689,41): error TS1005: ',' expected.
src/services/openai.service.ts(689,42): error TS1005: ',' expected.
src/services/openai.service.ts(689,44): error TS1005: ',' expected.
src/services/openai.service.ts(689,50): error TS1005: ',' expected.
src/services/openai.service.ts(689,53): error TS1005: ',' expected.
src/services/openai.service.ts(689,55): error TS1005: ',' expected.
src/services/openai.service.ts(715,1): error TS1160: Unterminated template literal.
